C51 COMPILER V9.56.0.0   PANQUANXING                                                       06/02/2017 17:50:14 PAGE 1   


C51 COMPILER V9.56.0.0, COMPILATION OF MODULE PANQUANXING
OBJECT MODULE PLACED IN .\Objects\panquanxing.obj
COMPILER INVOKED BY: D:\Keil_v5\C51\BIN\C51.EXE panquanxing.c OPTIMIZE(8,SPEED) BROWSE DEBUG OBJECTEXTEND PRINT(.\Listin
                    -gs\panquanxing.lst) TABS(2) OBJECT(.\Objects\panquanxing.obj)

line level    source

   1          #include "panquanxing.h"
   2          #include "STC89C5X.h"
   3          #include "intrins.h"
   4          
   5          void disableEEPROM(void){
   6   1        ISP_CONTR = 0;          //禁止ISP/IAP操作
   7   1        ISP_CMD   = 0;          //去除ISP/IAP命令
   8   1        ISP_TRIG  = 0;          //防止ISP/IAP命令误触发
   9   1        ISP_ADDRL = 0xff;       //清0地址高字节
  10   1        ISP_ADDRH = 0xff;       //清0地址低字节，指向非EEPROM区，防止误操作
  11   1      }
  12          uchar EEPROM_ReadByte(uint addr){
  13   1        uchar dat;
  14   1        ISP_ADDRL=addr;//送地址低8位
  15   1        ISP_ADDRH=addr>>8;//送地址高8位
  16   1        ISP_CONTR=0x81;
  17   1        ISP_CMD=0x01;
  18   1        ISP_TRIG();
  19   1        _nop_();
  20   1        dat=ISP_DATA;//取出数据
  21   1        disableEEPROM();
  22   1        return dat;
  23   1      }
  24          
  25          void EEPROM_WriteByte(uint addr,uchar dat){
  26   1        ISP_ADDRL=addr;
  27   1        ISP_ADDRH=addr>>8;
  28   1        ISP_CONTR=0x81;
  29   1        ISP_CMD=0x02;//Flash/EEPROM区进行字节编程命令
  30   1        ISP_DATA=dat;//将数据放入ISP_DATA
  31   1        ISP_TRIG();
  32   1        _nop_();
  33   1        disableEEPROM();
  34   1      }
  35          
  36          void EEPROM_EraseSector(uint addr){
  37   1        ISP_ADDRL=addr;
  38   1        ISP_ADDRH=addr>>8;
  39   1        ISP_CONTR=0x81;
  40   1        ISP_CMD=0x03;
  41   1        ISP_TRIG();
  42   1        _nop_();
  43   1        disableEEPROM();
  44   1      }
  45          
  46          


MODULE INFORMATION:   STATIC OVERLAYABLE
   CODE SIZE        =     79    ----
   CONSTANT SIZE    =   ----    ----
   XDATA SIZE       =   ----    ----
   PDATA SIZE       =   ----    ----
   DATA SIZE        =   ----    ----
C51 COMPILER V9.56.0.0   PANQUANXING                                                       06/02/2017 17:50:14 PAGE 2   

   IDATA SIZE       =   ----    ----
   BIT SIZE         =   ----    ----
END OF MODULE INFORMATION.


C51 COMPILATION COMPLETE.  0 WARNING(S),  0 ERROR(S)
