BL51 BANKED LINKER/LOCATER V6.22                                                        02/21/2018  14:26:22  PAGE 1


BL51 BANKED LINKER/LOCATER V6.22, INVOKED BY:
D:\KEIL_V5\C51\BIN\BL51.EXE .\Outputs\PqxDelay.obj, .\Outputs\PqxMLX90614.obj, .\Outputs\PqxKeys.obj, .\Outputs\PqxFont.
>> obj, .\Outputs\PqxMenus.obj, .\Outputs\panquanxing.obj, .\Outputs\OLED12832.obj, .\Outputs\taskStart.obj, .\Outputs\t
>> askKeys.obj, .\Outputs\taskMLX90614.obj, .\Outputs\taskEEPROM.obj, .\Outputs\Conf_tny.obj TO .\Outputs\Test06 RTX51TI
>> NY PRINT (.\Listings\Test06.m51) RAMSIZE (256)


MEMORY MODEL: LARGE WITH FLOATING POINT ARITHMETIC


INPUT MODULES INCLUDED:
  .\Outputs\PqxDelay.obj (PQXDELAY)
  .\Outputs\PqxMLX90614.obj (PQXMLX90614)
  .\Outputs\PqxKeys.obj (PQXKEYS)
  .\Outputs\PqxFont.obj (PQXFONT)
  .\Outputs\PqxMenus.obj (PQXMENUS)
  .\Outputs\panquanxing.obj (PANQUANXING)
  .\Outputs\OLED12832.obj (OLED12832)
  .\Outputs\taskStart.obj (TASKSTART)
  .\Outputs\taskKeys.obj (TASKKEYS)
  .\Outputs\taskMLX90614.obj (TASKMLX90614)
  .\Outputs\taskEEPROM.obj (TASKEEPROM)
  .\Outputs\Conf_tny.obj (?RTX51_TINY_KERNAL)
  D:\KEIL_V5\C51\LIB\RTX51TNY.LIB (?RTX51_TINY_OS_CREATE)
  D:\KEIL_V5\C51\LIB\RTX51TNY.LIB (?RTX51_TINY_OS_SEND_SIGNAL)
  D:\KEIL_V5\C51\LIB\RTX51TNY.LIB (?RTX51_TINY_OS_WAIT)
  D:\KEIL_V5\C51\LIB\C51FPL.LIB (?C?FPADD)
  D:\KEIL_V5\C51\LIB\C51FPL.LIB (?C?FPMUL)
  D:\KEIL_V5\C51\LIB\C51FPL.LIB (?C?FPCMP)
  D:\KEIL_V5\C51\LIB\C51FPL.LIB (?C?FCAST)
  D:\KEIL_V5\C51\LIB\C51FPL.LIB (?C?CASTF)
  D:\KEIL_V5\C51\LIB\C51FPL.LIB (PRINTF)
  D:\KEIL_V5\C51\LIB\C51FPL.LIB (?C?FPGETOPN)
  D:\KEIL_V5\C51\LIB\C51FPL.LIB (?C?FPROUND)
  D:\KEIL_V5\C51\LIB\C51FPL.LIB (?C?FPCONVERT)
  D:\KEIL_V5\C51\LIB\C51FPL.LIB (?C?FPDIV)
  D:\KEIL_V5\C51\LIB\C51FPL.LIB (?C?FTNPWR)
  D:\KEIL_V5\C51\LIB\C51L.LIB (?C_STARTUP)
  D:\KEIL_V5\C51\LIB\C51L.LIB (?C?CLDPTR)
  D:\KEIL_V5\C51\LIB\C51L.LIB (?C?CLDOPTR)
  D:\KEIL_V5\C51\LIB\C51L.LIB (?C?CILDPTR)
  D:\KEIL_V5\C51\LIB\C51L.LIB (?C?CSTPTR)
  D:\KEIL_V5\C51\LIB\C51L.LIB (?C?ILDIX)
  D:\KEIL_V5\C51\LIB\C51L.LIB (?C?LNEG)
  D:\KEIL_V5\C51\LIB\C51L.LIB (?C?LSTXDATA)
  D:\KEIL_V5\C51\LIB\C51L.LIB (?C?LSTKXDATA)
  D:\KEIL_V5\C51\LIB\C51L.LIB (?C?PLDIXDATA)
  D:\KEIL_V5\C51\LIB\C51L.LIB (?C?PSTXDATA)
  D:\KEIL_V5\C51\LIB\C51L.LIB (?C?PLDOPTR)
  D:\KEIL_V5\C51\LIB\C51L.LIB (?C?CCASE)
  D:\KEIL_V5\C51\LIB\C51L.LIB (PUTCHAR)
  D:\KEIL_V5\C51\LIB\C51L.LIB (STRLEN)
  D:\KEIL_V5\C51\LIB\C51L.LIB (?C?PLDIDATA)
  D:\KEIL_V5\C51\LIB\C51L.LIB (?C?PLDXDATA)
  D:\KEIL_V5\C51\LIB\C51L.LIB (?C?PLDPDATA)
  D:\KEIL_V5\C51\LIB\C51L.LIB (?C?PLDCODE)


BL51 BANKED LINKER/LOCATER V6.22                                                      02/21/2018  14:26:22  PAGE 2


TASK TABLE OF MODULE:  .\Outputs\Test06 (PQXDELAY)

TASKID   PRIORITY   REG-BANK   SEGMENT NAME
-------------------------------------------
0        0          0          ?PR?INITTASKSTART?TASKSTART
1        0          0          ?PR?SCANKEYTASK?TASKKEYS
4        0          0          ?PR?DETECTTEMP?TASKMLX90614
5        0          0          ?PR?SAVE2EEPROM?TASKEEPROM
6        0          0          ?PR?READ2EEPROM?TASKEEPROM



LINK MAP OF MODULE:  .\Outputs\Test06 (PQXDELAY)


            TYPE    BASE      LENGTH    RELOCATION   SEGMENT NAME
            -----------------------------------------------------

            * * * * * * *   D A T A   M E M O R Y   * * * * * * *
            REG     0000H     0008H     ABSOLUTE     "REG BANK 0"
            DATA    0008H     0005H     UNIT         _DATA_GROUP_
            IDATA   000DH     0007H     UNIT         ?RTX?TASKSP?S
                    0014H     0004H                  *** GAP ***
            DATA    0018H     0006H     ABSOLUTE     
                    001EH     0002H                  *** GAP ***
            BIT     0020H.0   0001H.1   UNIT         _BIT_GROUP_
            BIT     0021H.1   0000H.1   UNIT         ?RTX?BITS
                    0021H.2   0000H.6                *** GAP ***
            IDATA   0022H     000EH     UNIT         ?RTX?TASKSTATE?S
            IDATA   0030H     0001H     UNIT         ?STACK

            * * * * * * *  X D A T A   M E M O R Y  * * * * * * *
            XDATA   0000H     0074H     UNIT         _XDATA_GROUP_
            XDATA   0074H     0045H     UNIT         ?XD?PQXMENUS

            * * * * * * *   C O D E   M E M O R Y   * * * * * * *
            CODE    0000H     0003H     ABSOLUTE     
            CODE    0003H     0008H     UNIT         ?PR?_OLED12832SHOWBYTE?OLED12832
            CODE    000BH     0003H     ABSOLUTE     
            CODE    000EH     0818H     UNIT         ?CO?PQXFONT
            CODE    0826H     0700H     UNIT         ?C?LIB_CODE
            CODE    0F26H     0483H     UNIT         ?PR?PRINTF?PRINTF
            CODE    13A9H     03C6H     UNIT         ?PR?INITTASKSTART?TASKSTART
            CODE    176FH     0347H     UNIT         ?PR?SCANKEYTASK?TASKKEYS
            CODE    1AB6H     0281H     UNIT         ?RTX?CODE
            CODE    1D37H     022CH     UNIT         ?PR?DETECTTEMP?TASKMLX90614
            CODE    1F63H     018CH     UNIT         ?CO?PQXMENUS
            CODE    20EFH     013EH     UNIT         ?CO?TASKSTART
            CODE    222DH     0100H     UNIT         ?CO?PQXMLX90614
            CODE    232DH     0100H     UNIT         ?CO?TASKKEYS
            CODE    242DH     0100H     UNIT         ?CO?TASKMLX90614
            CODE    252DH     0100H     UNIT         ?CO?TASKEEPROM
            CODE    262DH     00E1H     UNIT         ?PR?_OLED12832DISPLAYASCIISTRING8X16?OLED12832
            CODE    270EH     00D1H     UNIT         ?PR?INITPQXMENUS?PQXMENUS
            CODE    27DFH     00B8H     UNIT         ?PR?_PQXMEMREAD?PQXMLX90614
            CODE    2897H     0093H     UNIT         ?PR?_FLOAT2EMISSIVITY?PQXMLX90614
            CODE    292AH     0089H     UNIT         ?PR?_SEND_BYTE?PQXMLX90614
BL51 BANKED LINKER/LOCATER V6.22                                                      02/21/2018  14:26:22  PAGE 3


            CODE    29B3H     0089H     UNIT         ?PR?OLED_INIT?OLED12832
            CODE    2A3CH     0088H     UNIT         ?PR?_OLED12832DISPLAYASCIISTRING6X8?OLED12832
            CODE    2AC4H     0087H     UNIT         ?PR?_UPDATEPAGE?PQXMENUS
            CODE    2B4BH     0075H     UNIT         ?PR?_PQXMEMWRITE?PQXMLX90614
            CODE    2BC0H     0072H     UNIT         ?PR?SAVE2EEPROM?TASKEEPROM
            CODE    2C32H     0056H     UNIT         ?PR?RECEIVE_BYTE?PQXMLX90614
            CODE    2C88H     0055H     UNIT         ?PR?_TEMPC2DATA?PQXMLX90614
            CODE    2CDDH     0054H     UNIT         ?PR?READ2EEPROM?TASKEEPROM
            CODE    2D31H     004CH     UNIT         ?PR?_CHANGEEMISSIVITY?PQXMLX90614
            CODE    2D7DH     0049H     UNIT         ?PR?KEYSSCAN?PQXKEYS
            CODE    2DC6H     0047H     UNIT         ?PR?_DATA2TEMPC?PQXMLX90614
            CODE    2E0DH     003DH     UNIT         ?PR?SMBUSDELAY20US?PQXDELAY
            CODE    2E4AH     003BH     UNIT         ?PR?_ENTERSLEEPMODE?PQXMLX90614
            CODE    2E85H     0031H     UNIT         ?PR?_SENDBYTE?OLED12832
            CODE    2EB6H     0030H     UNIT         ?PR?_OLEDSENDCOMMAND?OLED12832
            CODE    2EE6H     002DH     UNIT         ?PR?_CALCULATEPEC?PQXMLX90614
            CODE    2F13H     002AH     UNIT         ?PR?_PQXEEPROMWRITE?PQXMLX90614
            CODE    2F3DH     0027H     UNIT         ?PR?PUTCHAR?PUTCHAR
            CODE    2F64H     0026H     UNIT         ?PR?PWM2SMBUS?PQXMLX90614
            CODE    2F8AH     0022H     UNIT         ?PR?_OLEDSENDDATA?OLED12832
            CODE    2FACH     001FH     UNIT         ?PR?SMBUSDELAY10US?PQXDELAY
            CODE    2FCBH     001EH     UNIT         ?PR?SMBUSACK?PQXMLX90614
            CODE    2FE9H     001EH     UNIT         ?PR?SMBUSNACK?PQXMLX90614
            CODE    3007H     001DH     UNIT         ?PR?START_BIT?PQXMLX90614
            CODE    3024H     001CH     UNIT         ?PR?_OLED_SET_POS?OLED12832
            CODE    3040H     001AH     UNIT         ?PR?_EEPROM_WRITEBYTE?PANQUANXING
            CODE    305AH     0019H     UNIT         ?PR?_EEPROM_READBYTE?PANQUANXING
            CODE    3073H     0018H     UNIT         ?PR?_DELAY_MS?PQXDELAY
            CODE    308BH     0017H     UNIT         ?PR?STOP_BIT?PQXMLX90614
            CODE    30A2H     0017H     UNIT         ?PR?OLED_CLEAR?OLED12832
            CODE    30B9H     0017H     UNIT         ?PR?OLED_FULL?OLED12832
            CODE    30D0H     0016H     UNIT         ?PR?_EEPROM_ERASESECTOR?PANQUANXING
            CODE    30E6H     0015H     UNIT         ?PR?_OLED12832CLEARPAGE?OLED12832
            CODE    30FBH     0015H     UNIT         ?PR?_STRLEN?STRLEN
            CODE    3110H     0014H     UNIT         ?PR?_DATA2TEMPK?PQXMLX90614
            CODE    3124H     0013H     UNIT         ?PR?INITKEYS?PQXKEYS
            CODE    3137H     0013H     UNIT         ?PR?_UPACTION?PQXMENUS
            CODE    314AH     0012H     UNIT         ?PR?_DOWNACTION?PQXMENUS
            CODE    315CH     0010H     UNIT         ?PR?_DELAY_US?PQXDELAY
            CODE    316CH     000FH     UNIT         ?PR?OLED_ON?OLED12832
            CODE    317BH     000EH     UNIT         ?PR?DISABLEEEPROM?PANQUANXING
            CODE    3189H     000EH     UNIT         ?RTX?TASKENT?S
            CODE    3197H     000CH     UNIT         ?C_C51STARTUP
            CODE    31A3H     000AH     UNIT         ?PR?OLED_OFF?OLED12832
            CODE    31ADH     0009H     UNIT         ?PR?IIC_START?OLED12832
            CODE    31B6H     0007H     UNIT         ?PR?IIC_STOP?OLED12832
            CODE    31BDH     0003H     UNIT         ?PR?INITMLX90614?PQXMLX90614



OVERLAY MAP OF MODULE:   .\Outputs\Test06 (PQXDELAY)


SEGMENT                                             BIT_GROUP          DATA_GROUP          XDATA_GROUP
  +--> CALLED SEGMENT                            START    LENGTH     START    LENGTH     START    LENGTH
--------------------------------------------------------------------------------------------------------
?PR?INITTASKSTART?TASKSTART                      -----    -----      -----    -----      0000H    0011H
BL51 BANKED LINKER/LOCATER V6.22                                                      02/21/2018  14:26:22  PAGE 4


  +--> ?PR?INITKEYS?PQXKEYS
  +--> ?PR?OLED_INIT?OLED12832
  +--> ?PR?OLED_CLEAR?OLED12832
  +--> ?PR?INITMLX90614?PQXMLX90614
  +--> ?PR?INITPQXMENUS?PQXMENUS
  +--> ?PR?_UPDATEPAGE?PQXMENUS
  +--> ?PR?_OLED12832CLEARPAGE?OLED12832
  +--> ?CO?TASKSTART
  +--> ?PR?PRINTF?PRINTF
  +--> ?PR?_STRLEN?STRLEN
  +--> ?CO?PQXMENUS
  +--> ?PR?_OLED12832DISPLAYASCIISTRING6X8?O...
  +--> ?PR?_OLED12832DISPLAYASCIISTRING8X16?...

?PR?OLED_INIT?OLED12832                          -----    -----      -----    -----      -----    -----
  +--> ?PR?_DELAY_MS?PQXDELAY
  +--> ?PR?_OLEDSENDCOMMAND?OLED12832
  +--> ?PR?OLED_CLEAR?OLED12832

?PR?_OLEDSENDCOMMAND?OLED12832                   -----    -----      -----    -----      -----    -----
  +--> ?PR?_SENDBYTE?OLED12832
  +--> ?PR?IIC_STOP?OLED12832

?PR?_SENDBYTE?OLED12832                          -----    -----      -----    -----      -----    -----
  +--> ?PR?IIC_START?OLED12832

?PR?OLED_CLEAR?OLED12832                         -----    -----      -----    -----      -----    -----
  +--> ?PR?_OLEDSENDCOMMAND?OLED12832
  +--> ?PR?_OLEDSENDDATA?OLED12832

?PR?_OLEDSENDDATA?OLED12832                      -----    -----      -----    -----      -----    -----
  +--> ?PR?_SENDBYTE?OLED12832
  +--> ?PR?IIC_STOP?OLED12832

?PR?INITMLX90614?PQXMLX90614                     -----    -----      -----    -----      -----    -----
  +--> ?PR?PWM2SMBUS?PQXMLX90614

?PR?PWM2SMBUS?PQXMLX90614                        -----    -----      -----    -----      -----    -----
  +--> ?PR?_DELAY_MS?PQXDELAY

?PR?INITPQXMENUS?PQXMENUS                        -----    -----      -----    -----      -----    -----
  +--> ?CO?PQXMENUS

?PR?_UPDATEPAGE?PQXMENUS                         -----    -----      -----    -----      0011H    0006H
  +--> ?PR?_OLED12832DISPLAYASCIISTRING6X8?O...

?PR?_OLED12832DISPLAYASCIISTRING6X8?O...         -----    -----      -----    -----      0017H    0007H
  +--> ?PR?_OLED_SET_POS?OLED12832
  +--> ?CO?PQXFONT
  +--> ?PR?_OLEDSENDDATA?OLED12832

?PR?_OLED_SET_POS?OLED12832                      -----    -----      -----    -----      -----    -----
  +--> ?PR?_OLEDSENDCOMMAND?OLED12832

?PR?_OLED12832CLEARPAGE?OLED12832                -----    -----      -----    -----      -----    -----
  +--> ?PR?_OLED_SET_POS?OLED12832
  +--> ?PR?_OLEDSENDDATA?OLED12832
BL51 BANKED LINKER/LOCATER V6.22                                                      02/21/2018  14:26:22  PAGE 5



?PR?PRINTF?PRINTF                                0020H.0  0001H.1    0008H    0005H      0011H    0030H
  +--> ?PR?PUTCHAR?PUTCHAR

?PR?_OLED12832DISPLAYASCIISTRING8X16?...         -----    -----      -----    -----      0011H    0008H
  +--> ?PR?_OLED_SET_POS?OLED12832
  +--> ?CO?PQXFONT
  +--> ?PR?_OLEDSENDDATA?OLED12832

*** NEW ROOT ***************************************************

?PR?SCANKEYTASK?TASKKEYS                         -----    -----      -----    -----      -----    -----
  +--> ?PR?KEYSSCAN?PQXKEYS
  +--> ?PR?_EEPROM_ERASESECTOR?PANQUANXING

?PR?KEYSSCAN?PQXKEYS                             -----    -----      -----    -----      0041H    0002H

?PR?_EEPROM_ERASESECTOR?PANQUANXING              -----    -----      -----    -----      -----    -----
  +--> ?PR?DISABLEEEPROM?PANQUANXING

*** NEW ROOT ***************************************************

?PR?DETECTTEMP?TASKMLX90614                      -----    -----      -----    -----      0043H    000FH
  +--> ?PR?_PQXMEMREAD?PQXMLX90614
  +--> ?PR?_DATA2TEMPC?PQXMLX90614
  +--> ?PR?_CHANGEEMISSIVITY?PQXMLX90614
  +--> ?PR?_TEMPC2DATA?PQXMLX90614
  +--> ?PR?_PQXEEPROMWRITE?PQXMLX90614

?PR?_PQXMEMREAD?PQXMLX90614                      -----    -----      -----    -----      0052H    0008H
  +--> ?PR?START_BIT?PQXMLX90614
  +--> ?PR?_SEND_BYTE?PQXMLX90614
  +--> ?PR?RECEIVE_BYTE?PQXMLX90614
  +--> ?PR?SMBUSACK?PQXMLX90614
  +--> ?PR?_CALCULATEPEC?PQXMLX90614
  +--> ?PR?SMBUSNACK?PQXMLX90614
  +--> ?PR?STOP_BIT?PQXMLX90614

?PR?START_BIT?PQXMLX90614                        -----    -----      -----    -----      -----    -----
  +--> ?PR?SMBUSDELAY10US?PQXDELAY

?PR?_SEND_BYTE?PQXMLX90614                       -----    -----      -----    -----      0066H    0002H
  +--> ?PR?SMBUSDELAY10US?PQXDELAY

?PR?RECEIVE_BYTE?PQXMLX90614                     -----    -----      -----    -----      005AH    0002H
  +--> ?PR?SMBUSDELAY10US?PQXDELAY

?PR?SMBUSACK?PQXMLX90614                         -----    -----      -----    -----      -----    -----
  +--> ?PR?SMBUSDELAY10US?PQXDELAY

?PR?_CALCULATEPEC?PQXMLX90614                    -----    -----      -----    -----      0066H    0002H
  +--> ?CO?PQXMLX90614

?PR?SMBUSNACK?PQXMLX90614                        -----    -----      -----    -----      -----    -----
  +--> ?PR?SMBUSDELAY10US?PQXDELAY

?PR?STOP_BIT?PQXMLX90614                         -----    -----      -----    -----      -----    -----
BL51 BANKED LINKER/LOCATER V6.22                                                      02/21/2018  14:26:22  PAGE 6


  +--> ?PR?SMBUSDELAY10US?PQXDELAY
  +--> ?PR?SMBUSDELAY20US?PQXDELAY

?PR?_DATA2TEMPC?PQXMLX90614                      -----    -----      -----    -----      0070H    0004H

?PR?_CHANGEEMISSIVITY?PQXMLX90614                -----    -----      -----    -----      0052H    0007H
  +--> ?PR?_FLOAT2EMISSIVITY?PQXMLX90614
  +--> ?PR?_PQXEEPROMWRITE?PQXMLX90614
  +--> ?PR?_ENTERSLEEPMODE?PQXMLX90614

?PR?_FLOAT2EMISSIVITY?PQXMLX90614                -----    -----      -----    -----      0059H    000EH

?PR?_PQXEEPROMWRITE?PQXMLX90614                  -----    -----      -----    -----      0059H    0004H
  +--> ?PR?_PQXMEMWRITE?PQXMLX90614

?PR?_PQXMEMWRITE?PQXMLX90614                     -----    -----      -----    -----      005DH    0009H
  +--> ?PR?_CALCULATEPEC?PQXMLX90614
  +--> ?PR?START_BIT?PQXMLX90614
  +--> ?PR?_SEND_BYTE?PQXMLX90614
  +--> ?PR?STOP_BIT?PQXMLX90614
  +--> ?PR?_DELAY_MS?PQXDELAY

?PR?_ENTERSLEEPMODE?PQXMLX90614                  -----    -----      -----    -----      0059H    0003H
  +--> ?PR?START_BIT?PQXMLX90614
  +--> ?PR?_SEND_BYTE?PQXMLX90614
  +--> ?PR?STOP_BIT?PQXMLX90614

?PR?_TEMPC2DATA?PQXMLX90614                      -----    -----      -----    -----      006AH    0004H

*** NEW ROOT ***************************************************

?PR?SAVE2EEPROM?TASKEEPROM                       -----    -----      -----    -----      0068H    0002H
  +--> ?PR?_TEMPC2DATA?PQXMLX90614
  +--> ?PR?_EEPROM_WRITEBYTE?PANQUANXING

?PR?_EEPROM_WRITEBYTE?PANQUANXING                -----    -----      -----    -----      -----    -----
  +--> ?PR?DISABLEEEPROM?PANQUANXING

*** NEW ROOT ***************************************************

?PR?READ2EEPROM?TASKEEPROM                       -----    -----      -----    -----      006EH    0002H
  +--> ?PR?_EEPROM_READBYTE?PANQUANXING
  +--> ?PR?_DATA2TEMPC?PQXMLX90614

?PR?_EEPROM_READBYTE?PANQUANXING                 -----    -----      -----    -----      -----    -----
  +--> ?PR?DISABLEEEPROM?PANQUANXING



SYMBOL TABLE OF MODULE:  .\Outputs\Test06 (PQXDELAY)

  VALUE           TYPE          NAME
  ----------------------------------

  -------         MODULE        PQXDELAY
  C:0000H         SYMBOL        _ICE_DUMMY_
  C:3073H         PUBLIC        _Delay_ms
BL51 BANKED LINKER/LOCATER V6.22                                                      02/21/2018  14:26:22  PAGE 7


  C:315CH         PUBLIC        _Delay_us
  C:2FACH         PUBLIC        SmbusDelay10us
  C:2E0DH         PUBLIC        SmbusDelay20us
  -------         PROC          _DELAY_US
  D:0006H         SYMBOL        n
  C:315CH         LINE#         4
  C:315CH         LINE#         5
  C:3166H         LINE#         6
  C:3169H         LINE#         7
  C:316BH         LINE#         8
  -------         ENDPROC       _DELAY_US
  -------         PROC          _DELAY_MS
  D:0006H         SYMBOL        n
  -------         DO            
  D:0005H         SYMBOL        i
  D:0004H         SYMBOL        j
  -------         ENDDO         
  C:3073H         LINE#         10
  C:3073H         LINE#         12
  C:307DH         LINE#         13
  C:307EH         LINE#         14
  C:307FH         LINE#         15
  C:3080H         LINE#         16
  C:3082H         LINE#         17
  C:3084H         LINE#         19
  C:3084H         LINE#         20
  C:3086H         LINE#         21
  C:3088H         LINE#         22
  C:308AH         LINE#         23
  -------         ENDPROC       _DELAY_MS
  -------         PROC          SMBUSDELAY10US
  C:2FACH         LINE#         25
  C:2FACH         LINE#         26
  C:2FAFH         LINE#         27
  C:2FB2H         LINE#         28
  C:2FB5H         LINE#         29
  C:2FB8H         LINE#         30
  C:2FBBH         LINE#         31
  C:2FBEH         LINE#         32
  C:2FC1H         LINE#         33
  C:2FC4H         LINE#         34
  C:2FC7H         LINE#         35
  C:2FCAH         LINE#         36
  -------         ENDPROC       SMBUSDELAY10US
  -------         PROC          SMBUSDELAY20US
  C:2E0DH         LINE#         39
  C:2E0DH         LINE#         40
  C:2E10H         LINE#         41
  C:2E13H         LINE#         42
  C:2E16H         LINE#         43
  C:2E19H         LINE#         44
  C:2E1CH         LINE#         45
  C:2E1FH         LINE#         46
  C:2E22H         LINE#         47
  C:2E25H         LINE#         48
  C:2E28H         LINE#         49
  C:2E2BH         LINE#         50
BL51 BANKED LINKER/LOCATER V6.22                                                      02/21/2018  14:26:22  PAGE 8


  C:2E2EH         LINE#         51
  C:2E31H         LINE#         52
  C:2E34H         LINE#         53
  C:2E37H         LINE#         54
  C:2E3AH         LINE#         55
  C:2E3DH         LINE#         56
  C:2E40H         LINE#         57
  C:2E43H         LINE#         58
  C:2E46H         LINE#         59
  C:2E49H         LINE#         60
  -------         ENDPROC       SMBUSDELAY20US
  -------         ENDMOD        PQXDELAY

  -------         MODULE        PQXMLX90614
  C:0000H         SYMBOL        _ICE_DUMMY_
  C:2C32H         SYMBOL        receive_byte
  D:0096H         PUBLIC        P2M0
  D:0080H         PUBLIC        P0
  D:0095H         PUBLIC        P2M1
  D:0090H         PUBLIC        P1
  D:00A0H         PUBLIC        P2
  D:00B0H         PUBLIC        P3
  D:00C0H         PUBLIC        P4
  D:00C8H         PUBLIC        P5
  C:2E4AH         PUBLIC        _EnterSleepMode
  B:00A8H.7       PUBLIC        EA
  D:00E8H         PUBLIC        P6
  D:00F8H         PUBLIC        P7
  C:2D31H         PUBLIC        _ChangeEmissivity
  C:2C88H         PUBLIC        _TempC2Data
  C:2DC6H         PUBLIC        _Data2TempC
  C:2FE9H         SYMBOL        SmbusNack
  D:00A8H         PUBLIC        IE
  C:3110H         PUBLIC        _Data2TempK
  D:00B8H         PUBLIC        IP
  C:2FCBH         SYMBOL        SmbusAck
  D:00D8H         PUBLIC        CCON
  C:31BDH         PUBLIC        initMLX90614
  D:0098H         PUBLIC        SCON
  D:0088H         PUBLIC        TCON
  C:2F13H         PUBLIC        _PqxEepromWrite
  B:00A0H.6       PUBLIC        P26
  B:00A0H.7       PUBLIC        P27
  C:292AH         SYMBOL        _send_byte
  C:3007H         SYMBOL        start_bit
  C:27DFH         PUBLIC        _PqxMemRead
  C:2897H         PUBLIC        _Float2Emissivity
  C:308BH         SYMBOL        stop_bit
  C:222DH         SYMBOL        CRC8TAB
  C:2B4BH         PUBLIC        _PqxMemWrite
  C:2EE6H         PUBLIC        _CalculatePEC
  C:2F64H         SYMBOL        Pwm2Smbus
  D:00D0H         PUBLIC        PSW
  -------         PROC          INITMLX90614
  C:31BDH         LINE#         3
  C:31BDH         LINE#         4
  -------         ENDPROC       INITMLX90614
BL51 BANKED LINKER/LOCATER V6.22                                                      02/21/2018  14:26:22  PAGE 9


  -------         PROC          PWM2SMBUS
  C:2F64H         LINE#         7
  C:2F64H         LINE#         8
  C:2F6AH         LINE#         9
  C:2F6DH         LINE#         10
  C:2F70H         LINE#         11
  C:2F72H         LINE#         12
  C:2F75H         LINE#         13
  C:2F78H         LINE#         14
  C:2F7AH         LINE#         15
  C:2F81H         LINE#         16
  C:2F83H         LINE#         17
  C:2F86H         LINE#         18
  C:2F89H         LINE#         19
  -------         ENDPROC       PWM2SMBUS
  -------         PROC          START_BIT
  C:3007H         LINE#         21
  C:3007H         LINE#         22
  C:300DH         LINE#         23
  C:3010H         LINE#         24
  C:3013H         LINE#         25
  C:3015H         LINE#         26
  C:3017H         LINE#         27
  C:301AH         LINE#         28
  C:301CH         LINE#         29
  C:301FH         LINE#         30
  C:3021H         LINE#         31
  -------         ENDPROC       START_BIT
  -------         PROC          STOP_BIT
  C:308BH         LINE#         34
  C:308BH         LINE#         35
  C:3091H         LINE#         36
  C:3093H         LINE#         37
  C:3095H         LINE#         38
  C:3098H         LINE#         39
  C:309AH         LINE#         40
  C:309DH         LINE#         41
  C:309FH         LINE#         42
  -------         ENDPROC       STOP_BIT
  -------         PROC          SMBUSACK
  C:2FCBH         LINE#         44
  C:2FCBH         LINE#         45
  C:2FD1H         LINE#         46
  C:2FD4H         LINE#         47
  C:2FD7H         LINE#         48
  C:2FD9H         LINE#         49
  C:2FDCH         LINE#         50
  C:2FDFH         LINE#         51
  C:2FE1H         LINE#         52
  C:2FE4H         LINE#         53
  C:2FE6H         LINE#         54
  -------         ENDPROC       SMBUSACK
  -------         PROC          SMBUSNACK
  C:2FE9H         LINE#         57
  C:2FE9H         LINE#         58
  C:2FEFH         LINE#         59
  C:2FF2H         LINE#         60
BL51 BANKED LINKER/LOCATER V6.22                                                      02/21/2018  14:26:22  PAGE 10


  C:2FF5H         LINE#         61
  C:2FF7H         LINE#         62
  C:2FFAH         LINE#         63
  C:2FFDH         LINE#         64
  C:2FFFH         LINE#         65
  C:3002H         LINE#         66
  C:3004H         LINE#         67
  -------         ENDPROC       SMBUSNACK
  -------         PROC          _SEND_BYTE
  X:0066H         SYMBOL        ddata
  -------         DO            
  X:0067H         SYMBOL        i
  -------         ENDDO         
  C:292AH         LINE#         70
  C:292FH         LINE#         71
  C:2932H         LINE#         72
  C:2938H         LINE#         73
  C:293BH         LINE#         74
  C:293EH         LINE#         75
  C:293FH         LINE#         76
  C:2947H         LINE#         77
  C:294BH         LINE#         79
  C:294DH         LINE#         80
  C:2954H         LINE#         81
  C:2957H         LINE#         82
  C:295AH         LINE#         83
  C:295CH         LINE#         84
  C:295FH         LINE#         85
  C:2961H         LINE#         86
  C:2964H         LINE#         87
  C:2970H         LINE#         88
  C:2976H         LINE#         90
  C:2979H         LINE#         91
  C:297CH         LINE#         92
  C:297EH         LINE#         94
  C:2981H         LINE#         95
  C:2984H         LINE#         96
  C:2987H         LINE#         97
  C:298AH         LINE#         98
  C:298DH         LINE#         99
  C:298DH         LINE#         101
  C:2990H         LINE#         102
  C:2993H         LINE#         103
  C:2996H         LINE#         104
  C:2999H         LINE#         105
  C:299BH         LINE#         107
  C:299EH         LINE#         108
  C:29A0H         LINE#         109
  C:29A0H         LINE#         111
  C:29A3H         LINE#         112
  C:29A6H         LINE#         113
  C:29A9H         LINE#         114
  C:29ACH         LINE#         115
  C:29AEH         LINE#         116
  C:29B1H         LINE#         117
  C:29B2H         LINE#         118
  -------         ENDPROC       _SEND_BYTE
BL51 BANKED LINKER/LOCATER V6.22                                                      02/21/2018  14:26:22  PAGE 11


  -------         PROC          RECEIVE_BYTE
  -------         DO            
  X:005AH         SYMBOL        i
  X:005BH         SYMBOL        ddata
  -------         ENDDO         
  C:2C32H         LINE#         121
  C:2C32H         LINE#         122
  C:2C3BH         LINE#         123
  C:2C41H         LINE#         125
  C:2C44H         LINE#         126
  C:2C47H         LINE#         127
  C:2C51H         LINE#         129
  C:2C57H         LINE#         130
  C:2C59H         LINE#         132
  C:2C5CH         LINE#         133
  C:2C5FH         LINE#         134
  C:2C62H         LINE#         135
  C:2C65H         LINE#         136
  C:2C68H         LINE#         137
  C:2C6CH         LINE#         138
  C:2C6EH         LINE#         139
  C:2C75H         LINE#         140
  C:2C75H         LINE#         142
  C:2C78H         LINE#         143
  C:2C7BH         LINE#         144
  C:2C7DH         LINE#         146
  C:2C80H         LINE#         147
  C:2C82H         LINE#         148
  C:2C87H         LINE#         149
  -------         ENDPROC       RECEIVE_BYTE
  -------         PROC          _PQXMEMREAD
  D:0007H         SYMBOL        slaveAddress
  D:0005H         SYMBOL        cmd
  -------         DO            
  X:0052H         SYMBOL        PEC
  X:0053H         SYMBOL        MSG
  X:0058H         SYMBOL        result
  -------         ENDDO         
  C:27DFH         LINE#         151
  C:27DFH         LINE#         152
  C:27E4H         LINE#         154
  C:27EAH         LINE#         155
  C:27F1H         LINE#         156
  C:27F4H         LINE#         157
  C:27FDH         LINE#         159
  C:2800H         LINE#         161
  C:280AH         LINE#         162
  C:280AH         LINE#         163
  C:280CH         LINE#         164
  C:280CH         LINE#         166
  C:2816H         LINE#         167
  C:2816H         LINE#         168
  C:2818H         LINE#         169
  C:2818H         LINE#         171
  C:281BH         LINE#         173
  C:2825H         LINE#         174
  C:2825H         LINE#         175
BL51 BANKED LINKER/LOCATER V6.22                                                      02/21/2018  14:26:22  PAGE 12


  C:2827H         LINE#         176
  C:2827H         LINE#         178
  C:282FH         LINE#         179
  C:2832H         LINE#         181
  C:283AH         LINE#         182
  C:283DH         LINE#         184
  C:2845H         LINE#         185
  C:2859H         LINE#         186
  C:285CH         LINE#         187
  C:285EH         LINE#         188
  C:2861H         LINE#         189
  C:2864H         LINE#         190
  C:2868H         LINE#         191
  C:2868H         LINE#         192
  C:286BH         LINE#         194
  C:2876H         LINE#         195
  C:287FH         LINE#         196
  C:2891H         LINE#         198
  C:2896H         LINE#         199
  -------         ENDPROC       _PQXMEMREAD
  -------         PROC          _CALCULATEPEC
  D:0001H         SYMBOL        msg
  X:0066H         SYMBOL        len
  -------         DO            
  D:0006H         SYMBOL        i
  D:0007H         SYMBOL        ucCRC8
  -------         ENDDO         
  C:2EE6H         LINE#         201
  C:2EEEH         LINE#         204
  C:2EF0H         LINE#         206
  C:2EFEH         LINE#         207
  C:2F03H         LINE#         208
  C:2F0AH         LINE#         209
  C:2F10H         LINE#         210
  C:2F12H         LINE#         211
  C:2F12H         LINE#         212
  -------         ENDPROC       _CALCULATEPEC
  -------         PROC          _DATA2TEMPK
  D:0006H         SYMBOL        ddata
  C:3110H         LINE#         214
  C:3110H         LINE#         215
  C:3123H         LINE#         216
  -------         ENDPROC       _DATA2TEMPK
  -------         PROC          _DATA2TEMPC
  D:0006H         SYMBOL        ddata
  -------         DO            
  X:0070H         SYMBOL        result
  -------         ENDDO         
  C:2DC6H         LINE#         218
  C:2DC6H         LINE#         219
  C:2DDFH         LINE#         220
  C:2DFEH         LINE#         221
  C:2E0CH         LINE#         222
  -------         ENDPROC       _DATA2TEMPC
  -------         PROC          _TEMPC2DATA
  X:006AH         SYMBOL        result
  C:2C88H         LINE#         224
BL51 BANKED LINKER/LOCATER V6.22                                                      02/21/2018  14:26:22  PAGE 13


  C:2C8EH         LINE#         225
  C:2CADH         LINE#         226
  C:2CCBH         LINE#         227
  C:2CDCH         LINE#         228
  -------         ENDPROC       _TEMPC2DATA
  -------         PROC          _PQXMEMWRITE
  D:0007H         SYMBOL        slaveAddress
  D:0005H         SYMBOL        cmd
  D:0003H         SYMBOL        dataH
  X:0060H         SYMBOL        dataL
  -------         DO            
  X:0061H         SYMBOL        PEC
  X:0062H         SYMBOL        MSG
  -------         ENDDO         
  C:2B4BH         LINE#         231
  C:2B4BH         LINE#         234
  C:2B52H         LINE#         235
  C:2B55H         LINE#         237
  C:2B5DH         LINE#         238
  C:2B60H         LINE#         239
  C:2B72H         LINE#         241
  C:2B75H         LINE#         242
  C:2B7FH         LINE#         243
  C:2B82H         LINE#         244
  C:2B82H         LINE#         245
  C:2B8CH         LINE#         246
  C:2B8FH         LINE#         247
  C:2B8FH         LINE#         248
  C:2B99H         LINE#         249
  C:2B9CH         LINE#         250
  C:2B9CH         LINE#         251
  C:2BA6H         LINE#         252
  C:2BA9H         LINE#         253
  C:2BA9H         LINE#         254
  C:2BB3H         LINE#         255
  C:2BB6H         LINE#         256
  C:2BB6H         LINE#         258
  C:2BB9H         LINE#         260
  -------         ENDPROC       _PQXMEMWRITE
  -------         PROC          _PQXEEPROMWRITE
  X:0059H         SYMBOL        slaveAddress
  X:005AH         SYMBOL        cmd
  X:005BH         SYMBOL        dataH
  X:005CH         SYMBOL        dataL
  C:2F13H         LINE#         263
  C:2F20H         LINE#         264
  C:2F29H         LINE#         265
  -------         ENDPROC       _PQXEEPROMWRITE
  -------         PROC          _ENTERSLEEPMODE
  D:0007H         SYMBOL        slaveAddress
  -------         DO            
  X:0059H         SYMBOL        MSG
  X:005BH         SYMBOL        PEC
  -------         ENDDO         
  C:2E4AH         LINE#         268
  C:2E4AH         LINE#         270
  C:2E51H         LINE#         271
BL51 BANKED LINKER/LOCATER V6.22                                                      02/21/2018  14:26:22  PAGE 14


  C:2E55H         LINE#         273
  C:2E59H         LINE#         274
  C:2E5CH         LINE#         275
  C:2E66H         LINE#         276
  C:2E66H         LINE#         277
  C:2E68H         LINE#         278
  C:2E68H         LINE#         279
  C:2E6FH         LINE#         280
  C:2E6FH         LINE#         281
  C:2E71H         LINE#         282
  C:2E71H         LINE#         283
  C:2E7BH         LINE#         284
  C:2E7EH         LINE#         285
  C:2E80H         LINE#         286
  C:2E80H         LINE#         287
  C:2E83H         LINE#         288
  C:2E84H         LINE#         289
  -------         ENDPROC       _ENTERSLEEPMODE
  -------         PROC          _FLOAT2EMISSIVITY
  X:0059H         SYMBOL        e
  X:005DH         SYMBOL        dataH
  X:0060H         SYMBOL        dataL
  -------         DO            
  D:0006H         SYMBOL        num
  D:0005H         SYMBOL        i
  X:0063H         SYMBOL        emissivityArry
  -------         ENDDO         
  C:2897H         LINE#         294
  C:28A8H         LINE#         298
  C:28A9H         LINE#         299
  C:28CDH         LINE#         300
  C:28CDH         LINE#         301
  C:28CFH         LINE#         302
  C:28DFH         LINE#         303
  C:28EBH         LINE#         304
  C:28F0H         LINE#         305
  C:290DH         LINE#         306
  -------         ENDPROC       _FLOAT2EMISSIVITY
  -------         PROC          _CHANGEEMISSIVITY
  X:0052H         SYMBOL        slaveAddress
  X:0053H         SYMBOL        emissivity
  -------         DO            
  X:0057H         SYMBOL        EmL
  X:0058H         SYMBOL        EmH
  -------         ENDDO         
  C:2D31H         LINE#         309
  C:2D36H         LINE#         312
  C:2D38H         LINE#         313
  C:2D5BH         LINE#         314
  C:2D72H         LINE#         315
  C:2D7AH         LINE#         316
  C:2D7CH         LINE#         317
  -------         ENDPROC       _CHANGEEMISSIVITY
  -------         ENDMOD        PQXMLX90614

  -------         MODULE        PQXKEYS
  C:0000H         SYMBOL        _ICE_DUMMY_
BL51 BANKED LINKER/LOCATER V6.22                                                      02/21/2018  14:26:22  PAGE 15


  D:0092H         PUBLIC        P1M0
  D:0091H         PUBLIC        P1M1
  D:0080H         PUBLIC        P0
  D:0090H         PUBLIC        P1
  D:00A0H         PUBLIC        P2
  D:00B0H         PUBLIC        P3
  D:00C0H         PUBLIC        P4
  D:00C8H         PUBLIC        P5
  D:00E8H         PUBLIC        P6
  D:00F8H         PUBLIC        P7
  D:00A8H         PUBLIC        IE
  D:00B8H         PUBLIC        IP
  D:00D8H         PUBLIC        CCON
  C:2D7DH         PUBLIC        KeysScan
  D:0098H         PUBLIC        SCON
  D:0088H         PUBLIC        TCON
  C:3124H         PUBLIC        initKeys
  D:00D0H         PUBLIC        PSW
  -------         PROC          INITKEYS
  C:3124H         LINE#         2
  C:3124H         LINE#         3
  C:312AH         LINE#         4
  C:3130H         LINE#         5
  C:3136H         LINE#         6
  -------         ENDPROC       INITKEYS
  -------         PROC          KEYSSCAN
  -------         DO            
  X:0041H         SYMBOL        keyValue
  X:0042H         SYMBOL        i
  -------         ENDDO         
  C:2D7DH         LINE#         7
  C:2D7DH         LINE#         8
  C:2D83H         LINE#         10
  C:2D8BH         LINE#         11
  C:2D8BH         LINE#         13
  C:2D92H         LINE#         14
  C:2D9AH         LINE#         15
  C:2D9AH         LINE#         16
  C:2DA2H         LINE#         17
  C:2DA5H         LINE#         18
  C:2DADH         LINE#         19
  C:2DADH         LINE#         21
  C:2DB4H         LINE#         22
  C:2DBAH         LINE#         23
  C:2DC0H         LINE#         24
  C:2DC0H         LINE#         25
  C:2DC0H         LINE#         26
  C:2DC5H         LINE#         27
  -------         ENDPROC       KEYSSCAN
  -------         ENDMOD        PQXKEYS

  -------         MODULE        PQXFONT
  C:0000H         SYMBOL        _ICE_DUMMY_
  C:0236H         PUBLIC        ASCII8x16
  C:000EH         PUBLIC        ASCII6x8
  -------         ENDMOD        PQXFONT

BL51 BANKED LINKER/LOCATER V6.22                                                      02/21/2018  14:26:22  PAGE 16


  -------         MODULE        PQXMENUS
  C:0000H         SYMBOL        _ICE_DUMMY_
  D:0080H         PUBLIC        P0
  D:0090H         PUBLIC        P1
  D:00A0H         PUBLIC        P2
  D:00B0H         PUBLIC        P3
  D:00C0H         PUBLIC        P4
  D:00C8H         PUBLIC        P5
  X:0074H         PUBLIC        result02
  D:00E8H         PUBLIC        P6
  C:2AC4H         PUBLIC        _updatePage
  D:00F8H         PUBLIC        P7
  X:0078H         PUBLIC        readEepromAddr
  C:1F63H         PUBLIC        home01
  C:1F79H         PUBLIC        home02
  D:00A8H         PUBLIC        IE
  C:1F8FH         PUBLIC        home03
  X:007AH         PUBLIC        writeEepromAddr
  D:00B8H         PUBLIC        IP
  C:314AH         PUBLIC        _downAction
  X:007CH         PUBLIC        isGeneral
  X:007DH         PUBLIC        result
  X:0081H         PUBLIC        historyCount
  D:00D8H         PUBLIC        CCON
  X:0083H         PUBLIC        HOME
  X:008CH         PUBLIC        lowerValue
  X:008DH         PUBLIC        GOGO
  C:1FFDH         PUBLIC        set01
  X:0099H         PUBLIC        upperValue
  C:2013H         PUBLIC        set02
  X:009AH         PUBLIC        pageItem
  C:2029H         PUBLIC        set03
  C:203FH         PUBLIC        set04
  C:20D9H         PUBLIC        MaTitle
  D:0098H         PUBLIC        SCON
  D:0088H         PUBLIC        TCON
  C:20ADH         PUBLIC        EmTitle
  C:1FA5H         PUBLIC        go01
  C:1FBBH         PUBLIC        go02
  C:1FD1H         PUBLIC        go03
  C:1FE7H         PUBLIC        go04
  C:20C3H         PUBLIC        MiTitle
  X:009BH         PUBLIC        homeItem
  X:009CH         PUBLIC        MaItem
  X:009DH         PUBLIC        HiItem
  X:009EH         PUBLIC        NoItems
  X:00A1H         PUBLIC        HuItems
  X:00A4H         PUBLIC        EmItem
  C:3137H         PUBLIC        _upAction
  X:00A5H         PUBLIC        MiItem
  X:00A6H         PUBLIC        historyNum
  X:00A8H         PUBLIC        NoItem
  X:00A9H         PUBLIC        HuItem
  X:00AAH         PUBLIC        emissivity
  X:00ABH         PUBLIC        setItem
  C:2055H         PUBLIC        noTitle
  X:00ACH         PUBLIC        goItem
BL51 BANKED LINKER/LOCATER V6.22                                                      02/21/2018  14:26:22  PAGE 17


  X:00ADH         PUBLIC        SET
  C:2081H         PUBLIC        Normal
  C:2097H         PUBLIC        History
  D:00D0H         PUBLIC        PSW
  C:206BH         PUBLIC        Human
  C:270EH         PUBLIC        initPqxMenus
  -------         PROC          INITPQXMENUS
  C:270EH         LINE#         25
  C:270EH         LINE#         27
  C:2713H         LINE#         28
  C:2717H         LINE#         29
  C:271BH         LINE#         30
  C:2720H         LINE#         32
  C:2724H         LINE#         33
  C:2728H         LINE#         34
  C:272CH         LINE#         36
  C:2730H         LINE#         37
  C:2734H         LINE#         38
  C:2738H         LINE#         42
  C:2746H         LINE#         43
  C:2752H         LINE#         44
  C:275EH         LINE#         46
  C:276CH         LINE#         47
  C:2778H         LINE#         48
  C:2784H         LINE#         49
  C:2790H         LINE#         51
  C:279EH         LINE#         52
  C:27AAH         LINE#         53
  C:27B6H         LINE#         54
  C:27C2H         LINE#         56
  C:27D0H         LINE#         57
  C:27DEH         LINE#         58
  -------         ENDPROC       INITPQXMENUS
  -------         PROC          _UPDATEPAGE
  X:0011H         SYMBOL        page
  X:0014H         SYMBOL        len
  X:0015H         SYMBOL        item
  -------         DO            
  X:0016H         SYMBOL        i
  -------         ENDDO         
  C:2AC4H         LINE#         60
  C:2AD2H         LINE#         62
  C:2AE5H         LINE#         63
  C:2AF1H         LINE#         64
  C:2B18H         LINE#         66
  C:2B42H         LINE#         67
  C:2B4AH         LINE#         69
  -------         ENDPROC       _UPDATEPAGE
  -------         PROC          _UPACTION
  D:0001H         SYMBOL        input
  C:3137H         LINE#         71
  C:3137H         LINE#         72
  C:313FH         LINE#         73
  C:3144H         LINE#         75
  C:3149H         LINE#         76
  -------         ENDPROC       _UPACTION
  -------         PROC          _DOWNACTION
BL51 BANKED LINKER/LOCATER V6.22                                                      02/21/2018  14:26:22  PAGE 18


  D:0001H         SYMBOL        input
  C:314AH         LINE#         77
  C:314AH         LINE#         78
  C:3152H         LINE#         79
  C:3157H         LINE#         81
  C:315BH         LINE#         82
  -------         ENDPROC       _DOWNACTION
  -------         ENDMOD        PQXMENUS

  -------         MODULE        PANQUANXING
  C:0000H         SYMBOL        _ICE_DUMMY_
  D:0080H         PUBLIC        P0
  D:0090H         PUBLIC        P1
  D:00A0H         PUBLIC        P2
  D:00B0H         PUBLIC        P3
  D:00C0H         PUBLIC        P4
  D:00C8H         PUBLIC        P5
  D:00E8H         PUBLIC        P6
  D:00F8H         PUBLIC        P7
  D:00A8H         PUBLIC        IE
  D:00C5H         PUBLIC        IAP_CMD
  C:30D0H         PUBLIC        _EEPROM_EraseSector
  D:00B8H         PUBLIC        IP
  D:00C3H         PUBLIC        IAP_ADDRH
  C:317BH         PUBLIC        disableEEPROM
  D:00D8H         PUBLIC        CCON
  D:00C4H         PUBLIC        IAP_ADDRL
  D:0098H         PUBLIC        SCON
  D:0088H         PUBLIC        TCON
  C:305AH         PUBLIC        _EEPROM_ReadByte
  D:00C7H         PUBLIC        IAP_CONTR
  C:3040H         PUBLIC        _EEPROM_WriteByte
  D:00C2H         PUBLIC        IAP_DATA
  D:00C6H         PUBLIC        IAP_TRIG
  D:00D0H         PUBLIC        PSW
  -------         PROC          DISABLEEEPROM
  C:317BH         LINE#         5
  C:317BH         LINE#         6
  C:317EH         LINE#         7
  C:3180H         LINE#         8
  C:3182H         LINE#         9
  C:3185H         LINE#         10
  C:3188H         LINE#         11
  -------         ENDPROC       DISABLEEEPROM
  -------         PROC          _EEPROM_READBYTE
  D:0006H         SYMBOL        addr
  -------         DO            
  D:0007H         SYMBOL        dat
  -------         ENDDO         
  C:305AH         LINE#         12
  C:305AH         LINE#         14
  C:305CH         LINE#         15
  C:3060H         LINE#         16
  C:3063H         LINE#         17
  C:3066H         LINE#         18
  C:306CH         LINE#         19
  C:306DH         LINE#         20
BL51 BANKED LINKER/LOCATER V6.22                                                      02/21/2018  14:26:22  PAGE 19


  C:306FH         LINE#         21
  C:3072H         LINE#         22
  C:3072H         LINE#         23
  -------         ENDPROC       _EEPROM_READBYTE
  -------         PROC          _EEPROM_WRITEBYTE
  D:0006H         SYMBOL        addr
  D:0005H         SYMBOL        dat
  C:3040H         LINE#         25
  C:3040H         LINE#         26
  C:3042H         LINE#         27
  C:3046H         LINE#         28
  C:3049H         LINE#         29
  C:304CH         LINE#         30
  C:3050H         LINE#         31
  C:3056H         LINE#         32
  C:3057H         LINE#         33
  -------         ENDPROC       _EEPROM_WRITEBYTE
  -------         PROC          _EEPROM_ERASESECTOR
  D:0006H         SYMBOL        addr
  C:30D0H         LINE#         36
  C:30D0H         LINE#         37
  C:30D2H         LINE#         38
  C:30D6H         LINE#         39
  C:30D9H         LINE#         40
  C:30DCH         LINE#         41
  C:30E2H         LINE#         42
  C:30E3H         LINE#         43
  -------         ENDPROC       _EEPROM_ERASESECTOR
  -------         ENDMOD        PANQUANXING

  -------         MODULE        OLED12832
  C:0000H         SYMBOL        _ICE_DUMMY_
  D:0096H         PUBLIC        P2M0
  D:0080H         PUBLIC        P0
  D:0095H         PUBLIC        P2M1
  D:0090H         PUBLIC        P1
  D:00A0H         PUBLIC        P2
  D:00B0H         PUBLIC        P3
  D:00C0H         PUBLIC        P4
  D:00C8H         PUBLIC        P5
  D:00E8H         PUBLIC        P6
  D:00F8H         PUBLIC        P7
  D:00A8H         PUBLIC        IE
  C:2F8AH         PUBLIC        _OledSendData
  D:00B8H         PUBLIC        IP
  C:30B9H         PUBLIC        OLED_Full
  C:29B3H         PUBLIC        OLED_Init
  C:31A3H         PUBLIC        OLED_Off
  C:2E8CH         SYMBOL        _SendByte
  D:00D8H         PUBLIC        CCON
  C:2A3CH         PUBLIC        _Oled12832DisplayAsciiString6x8
  D:0098H         PUBLIC        SCON
  D:0088H         PUBLIC        TCON
  B:00A0H.4       PUBLIC        P24
  B:00A0H.5       PUBLIC        P25
  C:0003H         PUBLIC        _Oled12832ShowByte
  C:316CH         PUBLIC        OLED_On
BL51 BANKED LINKER/LOCATER V6.22                                                      02/21/2018  14:26:22  PAGE 20


  C:3024H         PUBLIC        _OLED_Set_Pos
  C:31ADH         PUBLIC        IIC_Start
  C:2EC4H         PUBLIC        _OledSendCommand
  C:31B6H         PUBLIC        IIC_Stop
  C:262DH         PUBLIC        _Oled12832DisplayAsciiString8x16
  C:30A2H         PUBLIC        OLED_Clear
  C:30E6H         PUBLIC        _Oled12832ClearPage
  D:00D0H         PUBLIC        PSW
  -------         PROC          OLED_INIT
  C:29B3H         LINE#         2
  C:29B3H         LINE#         3
  C:29B9H         LINE#         4
  C:29BFH         LINE#         5
  C:29C6H         LINE#         6
  C:29CBH         LINE#         8
  C:29D0H         LINE#         9
  C:29D5H         LINE#         11
  C:29DAH         LINE#         13
  C:29DFH         LINE#         14
  C:29E4H         LINE#         16
  C:29E9H         LINE#         18
  C:29EEH         LINE#         20
  C:29F3H         LINE#         21
  C:29F8H         LINE#         23
  C:29FDH         LINE#         24
  C:2A02H         LINE#         26
  C:2A07H         LINE#         27
  C:2A0CH         LINE#         29
  C:2A11H         LINE#         30
  C:2A16H         LINE#         32
  C:2A1BH         LINE#         33
  C:2A20H         LINE#         35
  C:2A25H         LINE#         36
  C:2A2AH         LINE#         38
  C:2A2FH         LINE#         39
  C:2A34H         LINE#         41
  C:2A39H         LINE#         42
  -------         ENDPROC       OLED_INIT
  -------         PROC          IIC_START
  C:31ADH         LINE#         44
  C:31ADH         LINE#         45
  C:31AFH         LINE#         46
  C:31B1H         LINE#         47
  C:31B3H         LINE#         48
  C:31B5H         LINE#         49
  -------         ENDPROC       IIC_START
  -------         PROC          IIC_STOP
  C:31B6H         LINE#         50
  C:31B6H         LINE#         51
  C:31B8H         LINE#         52
  C:31BAH         LINE#         53
  C:31BCH         LINE#         54
  -------         ENDPROC       IIC_STOP
  -------         PROC          L?0067
  -------         ENDPROC       L?0067
  -------         PROC          _SENDBYTE
  D:0007H         SYMBOL        iicByte
BL51 BANKED LINKER/LOCATER V6.22                                                      02/21/2018  14:26:22  PAGE 21


  -------         DO            
  D:0006H         SYMBOL        i
  -------         ENDDO         
  C:2E8CH         LINE#         55
  C:2E8CH         LINE#         57
  C:2E8EH         LINE#         58
  C:2E90H         LINE#         59
  C:2E90H         LINE#         60
  C:2E94H         LINE#         61
  C:2E98H         LINE#         63
  C:2E9AH         LINE#         64
  C:2E9EH         LINE#         65
  C:2EA0H         LINE#         66
  C:2EA2H         LINE#         67
  C:2EA7H         LINE#         69
  C:2EA9H         LINE#         70
  C:2EABH         LINE#         71
  C:2EAEH         LINE#         72
  C:2EAEH         LINE#         73
  C:2EB0H         LINE#         74
  C:2EB2H         LINE#         75
  C:2EB2H         LINE#         76
  C:2EB4H         LINE#         77
  C:2EB5H         LINE#         78
  -------         ENDPROC       _SENDBYTE
  C:2EBFH         SYMBOL        L?0066
  -------         PROC          L?0065
  -------         ENDPROC       L?0065
  C:2EBFH         SYMBOL        L?0066
  -------         PROC          _OLEDSENDCOMMAND
  D:0005H         SYMBOL        iicCommand
  C:2EC4H         LINE#         79
  C:2EC4H         LINE#         80
  C:2EC4H         LINE#         82
  C:2EC9H         LINE#         83
  C:2ECCH         LINE#         84
  C:2ECCH         LINE#         86
  C:2ED3H         LINE#         87
  C:2ED6H         LINE#         88
  C:2ED6H         LINE#         89
  C:2EDDH         LINE#         90
  C:2EE0H         LINE#         91
  C:2EE0H         LINE#         92
  C:2EE3H         LINE#         93
  C:2EE5H         LINE#         94
  -------         ENDPROC       _OLEDSENDCOMMAND
  -------         PROC          _OLEDSENDDATA
  D:0005H         SYMBOL        iicData
  C:2F8AH         LINE#         95
  C:2F8AH         LINE#         96
  C:2F8AH         LINE#         98
  C:2F8FH         LINE#         99
  C:2F92H         LINE#         100
  C:2F92H         LINE#         102
  C:2F99H         LINE#         103
  C:2F9CH         LINE#         104
  C:2F9CH         LINE#         105
BL51 BANKED LINKER/LOCATER V6.22                                                      02/21/2018  14:26:22  PAGE 22


  C:2FA3H         LINE#         106
  C:2FA6H         LINE#         107
  C:2FA6H         LINE#         108
  C:2FA9H         LINE#         109
  C:2FABH         LINE#         110
  -------         ENDPROC       _OLEDSENDDATA
  -------         PROC          OLED_CLEAR
  -------         DO            
  D:0004H         SYMBOL        i
  D:0003H         SYMBOL        n
  -------         ENDDO         
  C:30A2H         LINE#         112
  C:30A2H         LINE#         113
  C:30A2H         LINE#         115
  C:30A4H         LINE#         116
  C:30A4H         LINE#         117
  C:30A4H         LINE#         118
  C:30A4H         LINE#         119
  C:30A7H         LINE#         120
  C:30A9H         LINE#         121
  C:30B3H         LINE#         122
  C:30B8H         LINE#         123
  -------         ENDPROC       OLED_CLEAR
  -------         PROC          OLED_FULL
  -------         DO            
  D:0004H         SYMBOL        i
  D:0003H         SYMBOL        n
  -------         ENDDO         
  C:30B9H         LINE#         124
  C:30B9H         LINE#         126
  C:30BBH         LINE#         127
  C:30BBH         LINE#         128
  C:30BBH         LINE#         129
  C:30BBH         LINE#         130
  C:30BEH         LINE#         131
  C:30C0H         LINE#         132
  C:30CAH         LINE#         133
  C:30CFH         LINE#         134
  -------         ENDPROC       OLED_FULL
  -------         PROC          _OLED_SET_POS
  D:0007H         SYMBOL        page
  D:0004H         SYMBOL        column
  C:3024H         LINE#         135
  C:3026H         LINE#         136
  C:3027H         LINE#         137
  C:3028H         LINE#         138
  C:302FH         LINE#         139
  C:3039H         LINE#         140
  -------         ENDPROC       _OLED_SET_POS
  -------         PROC          OLED_ON
  C:316CH         LINE#         142
  C:316CH         LINE#         143
  C:3171H         LINE#         144
  C:3176H         LINE#         145
  -------         ENDPROC       OLED_ON
  -------         PROC          OLED_OFF
  C:31A3H         LINE#         147
BL51 BANKED LINKER/LOCATER V6.22                                                      02/21/2018  14:26:22  PAGE 23


  C:31A3H         LINE#         148
  C:31A5H         LINE#         149
  C:31A8H         LINE#         150
  -------         ENDPROC       OLED_OFF
  -------         PROC          _OLED12832SHOWBYTE
  D:0007H         SYMBOL        page
  D:0005H         SYMBOL        column
  D:0003H         SYMBOL        text
  C:0003H         LINE#         152
  C:0003H         LINE#         153
  C:0006H         LINE#         154
  -------         ENDPROC       _OLED12832SHOWBYTE
  -------         PROC          _OLED12832DISPLAYASCIISTRING6X8
  D:0007H         SYMBOL        page
  D:0005H         SYMBOL        column
  X:0019H         SYMBOL        text
  X:001CH         SYMBOL        txtlen
  X:001DH         SYMBOL        charINV
  -------         DO            
  D:0004H         SYMBOL        i
  D:0003H         SYMBOL        j
  D:0002H         SYMBOL        k
  -------         ENDDO         
  C:2A3CH         LINE#         157
  C:2A47H         LINE#         159
  C:2A4AH         LINE#         160
  C:2A56H         LINE#         161
  C:2A56H         LINE#         162
  C:2A75H         LINE#         163
  C:2A75H         LINE#         164
  C:2A79H         LINE#         165
  C:2A7BH         LINE#         166
  C:2A84H         LINE#         167
  C:2A9FH         LINE#         169
  C:2ABBH         LINE#         170
  C:2AC0H         LINE#         171
  C:2AC0H         LINE#         172
  C:2AC3H         LINE#         173
  -------         ENDPROC       _OLED12832DISPLAYASCIISTRING6X8
  -------         PROC          _OLED12832DISPLAYASCIISTRING8X16
  X:0011H         SYMBOL        page
  X:0012H         SYMBOL        column
  X:0013H         SYMBOL        text
  X:0016H         SYMBOL        txtlen
  X:0017H         SYMBOL        charINV
  -------         DO            
  X:0018H         SYMBOL        i
  D:0001H         SYMBOL        j
  D:0004H         SYMBOL        k
  D:0003H         SYMBOL        n
  -------         ENDDO         
  C:262DH         LINE#         175
  C:263EH         LINE#         178
  C:2654H         LINE#         179
  C:2654H         LINE#         180
  C:2679H         LINE#         181
  C:2679H         LINE#         182
BL51 BANKED LINKER/LOCATER V6.22                                                      02/21/2018  14:26:22  PAGE 24


  C:267DH         LINE#         184
  C:267FH         LINE#         185
  C:267FH         LINE#         186
  C:268BH         LINE#         187
  C:268DH         LINE#         188
  C:268DH         LINE#         189
  C:2693H         LINE#         190
  C:26C2H         LINE#         192
  C:26F2H         LINE#         193
  C:26F7H         LINE#         194
  C:26FDH         LINE#         195
  C:2704H         LINE#         196
  C:2704H         LINE#         197
  C:270DH         LINE#         198
  -------         ENDPROC       _OLED12832DISPLAYASCIISTRING8X16
  -------         PROC          _OLED12832CLEARPAGE
  D:0007H         SYMBOL        page
  D:0003H         SYMBOL        len
  C:30E6H         LINE#         200
  C:30E8H         LINE#         201
  C:30EDH         LINE#         202
  C:30F3H         LINE#         203
  C:30F8H         LINE#         204
  C:30FAH         LINE#         205
  -------         ENDPROC       _OLED12832CLEARPAGE
  -------         ENDMOD        OLED12832

  -------         MODULE        TASKSTART
  C:0000H         SYMBOL        _ICE_DUMMY_
  D:0080H         PUBLIC        P0
  D:0090H         PUBLIC        P1
  D:00A0H         PUBLIC        P2
  D:00B0H         PUBLIC        P3
  D:00C0H         PUBLIC        P4
  D:00C8H         PUBLIC        P5
  D:00E8H         PUBLIC        P6
  D:00F8H         PUBLIC        P7
  D:00A8H         PUBLIC        IE
  D:00B8H         PUBLIC        IP
  D:00D8H         PUBLIC        CCON
  D:0098H         PUBLIC        SCON
  D:0088H         PUBLIC        TCON
  C:13A9H         PUBLIC        initTaskStart
  C:212DH         SYMBOL        CRC8TAB
  D:00D0H         PUBLIC        PSW
  -------         PROC          INITTASKSTART
  -------         DO            
  X:0000H         SYMBOL        ch
  -------         ENDDO         
  C:13A9H         LINE#         3
  C:13A9H         LINE#         5
  C:13ACH         LINE#         6
  C:13AFH         LINE#         7
  C:13B2H         LINE#         8
  C:13B5H         LINE#         9
  C:13B8H         LINE#         10
  C:13BDH         LINE#         11
BL51 BANKED LINKER/LOCATER V6.22                                                      02/21/2018  14:26:22  PAGE 25


  C:13C2H         LINE#         12
  C:13C7H         LINE#         13
  C:13CCH         LINE#         14
  C:13D1H         LINE#         15
  C:13D1H         LINE#         16
  C:13D8H         LINE#         17
  C:13EBH         LINE#         18
  C:13F2H         LINE#         19
  C:13FCH         LINE#         20
  C:1405H         LINE#         21
  C:140EH         LINE#         22
  C:1421H         LINE#         23
  C:142CH         LINE#         24
  C:143FH         LINE#         25
  C:1446H         LINE#         26
  C:144DH         LINE#         27
  C:1454H         LINE#         28
  C:147FH         LINE#         29
  C:149AH         LINE#         30
  C:14A8H         LINE#         31
  C:14BBH         LINE#         32
  C:14C2H         LINE#         33
  C:14C9H         LINE#         34
  C:14D0H         LINE#         35
  C:14E6H         LINE#         36
  C:1511H         LINE#         37
  C:152EH         LINE#         38
  C:1559H         LINE#         39
  C:1574H         LINE#         40
  C:1582H         LINE#         41
  C:1598H         LINE#         42
  C:159FH         LINE#         43
  C:15A6H         LINE#         44
  C:15ADH         LINE#         45
  C:15E7H         LINE#         46
  C:1602H         LINE#         47
  C:160DH         LINE#         48
  C:1623H         LINE#         49
  C:162AH         LINE#         50
  C:1631H         LINE#         51
  C:1638H         LINE#         52
  C:1657H         LINE#         53
  C:1672H         LINE#         54
  C:167DH         LINE#         55
  C:1693H         LINE#         56
  C:169AH         LINE#         57
  C:16A1H         LINE#         58
  C:16A8H         LINE#         59
  C:16C7H         LINE#         60
  C:16E2H         LINE#         61
  C:16EDH         LINE#         62
  C:1703H         LINE#         63
  C:170AH         LINE#         64
  C:1711H         LINE#         65
  C:1718H         LINE#         66
  C:1749H         LINE#         67
  C:1767H         LINE#         68
BL51 BANKED LINKER/LOCATER V6.22                                                      02/21/2018  14:26:22  PAGE 26


  C:1767H         LINE#         69
  C:176CH         LINE#         70
  -------         ENDPROC       INITTASKSTART
  -------         ENDMOD        TASKSTART

  -------         MODULE        TASKKEYS
  C:0000H         SYMBOL        _ICE_DUMMY_
  D:0080H         PUBLIC        P0
  D:0090H         PUBLIC        P1
  D:00A0H         PUBLIC        P2
  D:00B0H         PUBLIC        P3
  D:00C0H         PUBLIC        P4
  D:00C8H         PUBLIC        P5
  D:00E8H         PUBLIC        P6
  D:00F8H         PUBLIC        P7
  D:00A8H         PUBLIC        IE
  D:00B8H         PUBLIC        IP
  D:00D8H         PUBLIC        CCON
  D:0098H         PUBLIC        SCON
  D:0088H         PUBLIC        TCON
  C:176FH         PUBLIC        ScanKeyTask
  C:232DH         SYMBOL        CRC8TAB
  D:00D0H         PUBLIC        PSW
  -------         PROC          SCANKEYTASK
  -------         DO            
  D:0007H         SYMBOL        keyValue
  -------         ENDDO         
  C:176FH         LINE#         3
  C:176FH         LINE#         5
  C:176FH         LINE#         6
  C:1772H         LINE#         7
  C:1779H         LINE#         8
  C:1783H         LINE#         9
  C:17DBH         LINE#         10
  C:17DBH         LINE#         11
  C:17E4H         LINE#         12
  C:17EAH         LINE#         14
  C:17F0H         LINE#         15
  C:17F0H         LINE#         16
  C:17F3H         LINE#         17
  C:17F3H         LINE#         18
  C:17FCH         LINE#         19
  C:1801H         LINE#         21
  C:1807H         LINE#         22
  C:1807H         LINE#         23
  C:180AH         LINE#         24
  C:180AH         LINE#         25
  C:1814H         LINE#         26
  C:1814H         LINE#         27
  C:1817H         LINE#         29
  C:1817H         LINE#         30
  C:1820H         LINE#         31
  C:1825H         LINE#         33
  C:182BH         LINE#         34
  C:182BH         LINE#         35
  C:182EH         LINE#         36
  C:182EH         LINE#         37
BL51 BANKED LINKER/LOCATER V6.22                                                      02/21/2018  14:26:22  PAGE 27


  C:1837H         LINE#         38
  C:183CH         LINE#         40
  C:1841H         LINE#         41
  C:1841H         LINE#         42
  C:1844H         LINE#         43
  C:1844H         LINE#         44
  C:184AH         LINE#         45
  C:184EH         LINE#         46
  C:184EH         LINE#         47
  C:1858H         LINE#         49
  C:185EH         LINE#         50
  C:1865H         LINE#         51
  C:186CH         LINE#         52
  C:1872H         LINE#         53
  C:1878H         LINE#         54
  C:187CH         LINE#         55
  C:187CH         LINE#         56
  C:1886H         LINE#         57
  C:188CH         LINE#         58
  C:1891H         LINE#         59
  C:1891H         LINE#         60
  C:189FH         LINE#         61
  C:18A5H         LINE#         62
  C:18ABH         LINE#         63
  C:18B1H         LINE#         64
  C:18B1H         LINE#         65
  C:18B1H         LINE#         66
  C:18B4H         LINE#         68
  C:18B4H         LINE#         69
  C:18BDH         LINE#         70
  C:18C2H         LINE#         72
  C:18C8H         LINE#         73
  C:18C9H         LINE#         74
  C:18CCH         LINE#         75
  C:18CCH         LINE#         76
  C:18D5H         LINE#         77
  C:18DAH         LINE#         79
  C:18DFH         LINE#         80
  C:18E0H         LINE#         81
  C:18E3H         LINE#         82
  C:18E3H         LINE#         83
  C:18E9H         LINE#         84
  C:18EEH         LINE#         85
  C:18EFH         LINE#         86
  C:18F9H         LINE#         87
  C:18FFH         LINE#         88
  C:1905H         LINE#         89
  C:1906H         LINE#         90
  C:1910H         LINE#         91
  C:1916H         LINE#         92
  C:191CH         LINE#         93
  C:191DH         LINE#         94
  C:192BH         LINE#         95
  C:1931H         LINE#         96
  C:1936H         LINE#         97
  C:1937H         LINE#         98
  C:1937H         LINE#         99
BL51 BANKED LINKER/LOCATER V6.22                                                      02/21/2018  14:26:22  PAGE 28


  C:193AH         LINE#         101
  C:193AH         LINE#         103
  C:1943H         LINE#         104
  C:1948H         LINE#         106
  C:194EH         LINE#         107
  C:194FH         LINE#         108
  C:1952H         LINE#         109
  C:1952H         LINE#         110
  C:1960H         LINE#         111
  C:1960H         LINE#         112
  C:1963H         LINE#         113
  C:1963H         LINE#         114
  C:196CH         LINE#         115
  C:1972H         LINE#         116
  C:1973H         LINE#         117
  C:1973H         LINE#         118
  C:1976H         LINE#         120
  C:1976H         LINE#         123
  C:197FH         LINE#         124
  C:1984H         LINE#         126
  C:198AH         LINE#         127
  C:198BH         LINE#         128
  C:198EH         LINE#         129
  C:198EH         LINE#         130
  C:198EH         LINE#         131
  C:1991H         LINE#         132
  C:1991H         LINE#         133
  C:199AH         LINE#         134
  C:19A0H         LINE#         135
  C:19A1H         LINE#         136
  C:19A1H         LINE#         137
  C:19A4H         LINE#         139
  C:19A4H         LINE#         140
  C:19C5H         LINE#         141
  C:19D1H         LINE#         142
  C:19DFH         LINE#         143
  C:19EDH         LINE#         144
  C:19EDH         LINE#         145
  C:19EDH         LINE#         146
  C:19EFH         LINE#         147
  C:19EFH         LINE#         148
  C:1A03H         LINE#         149
  C:1A11H         LINE#         150
  C:1A1FH         LINE#         151
  C:1A2DH         LINE#         152
  C:1A2FH         LINE#         153
  C:1A2FH         LINE#         154
  C:1A31H         LINE#         155
  C:1A31H         LINE#         156
  C:1A37H         LINE#         157
  C:1A39H         LINE#         158
  C:1A3BH         LINE#         160
  C:1A3BH         LINE#         161
  C:1A41H         LINE#         162
  C:1A43H         LINE#         163
  C:1A45H         LINE#         164
  C:1A45H         LINE#         165
BL51 BANKED LINKER/LOCATER V6.22                                                      02/21/2018  14:26:22  PAGE 29


  C:1A4BH         LINE#         166
  C:1A4DH         LINE#         167
  C:1A4FH         LINE#         168
  C:1A4FH         LINE#         169
  C:1A55H         LINE#         170
  C:1A59H         LINE#         171
  C:1A5BH         LINE#         172
  C:1A5DH         LINE#         174
  C:1A5DH         LINE#         175
  C:1A63H         LINE#         176
  C:1A65H         LINE#         177
  C:1A67H         LINE#         178
  C:1A67H         LINE#         179
  C:1A6DH         LINE#         180
  C:1A6FH         LINE#         181
  C:1A71H         LINE#         182
  C:1A71H         LINE#         183
  C:1A77H         LINE#         184
  C:1A7CH         LINE#         185
  C:1A7EH         LINE#         186
  C:1A80H         LINE#         188
  C:1A80H         LINE#         189
  C:1A89H         LINE#         190
  C:1A8CH         LINE#         191
  C:1A8CH         LINE#         192
  C:1A8EH         LINE#         193
  C:1A90H         LINE#         194
  C:1A90H         LINE#         195
  C:1A99H         LINE#         196
  C:1A9CH         LINE#         197
  C:1A9CH         LINE#         198
  C:1A9EH         LINE#         199
  C:1AA0H         LINE#         200
  C:1AA0H         LINE#         201
  C:1AA6H         LINE#         202
  C:1AABH         LINE#         203
  C:1AB0H         LINE#         204
  C:1AB0H         LINE#         206
  C:1AB0H         LINE#         207
  C:1AB0H         LINE#         208
  C:1AB0H         LINE#         210
  C:1AB0H         LINE#         211
  C:1AB3H         LINE#         212
  -------         ENDPROC       SCANKEYTASK
  -------         ENDMOD        TASKKEYS

  -------         MODULE        TASKMLX90614
  C:0000H         SYMBOL        _ICE_DUMMY_
  D:0080H         PUBLIC        P0
  D:0090H         PUBLIC        P1
  D:00A0H         PUBLIC        P2
  D:00B0H         PUBLIC        P3
  D:00C0H         PUBLIC        P4
  D:00C8H         PUBLIC        P5
  D:00E8H         PUBLIC        P6
  D:00F8H         PUBLIC        P7
  D:00A8H         PUBLIC        IE
BL51 BANKED LINKER/LOCATER V6.22                                                      02/21/2018  14:26:22  PAGE 30


  C:1D37H         PUBLIC        detectTemp
  D:00B8H         PUBLIC        IP
  D:00D8H         PUBLIC        CCON
  D:0098H         PUBLIC        SCON
  D:0088H         PUBLIC        TCON
  C:242DH         SYMBOL        CRC8TAB
  D:00D0H         PUBLIC        PSW
  -------         PROC          DETECTTEMP
  -------         DO            
  X:0043H         SYMBOL        i
  X:0044H         SYMBOL        tempValue
  X:0046H         SYMBOL        temp
  X:004AH         SYMBOL        maxResult
  X:004EH         SYMBOL        minResult
  -------         ENDDO         
  C:1D37H         LINE#         3
  C:1D37H         LINE#         9
  C:1D37H         LINE#         10
  C:1D3CH         LINE#         11
  C:1D44H         LINE#         12
  C:1D54H         LINE#         13
  C:1D64H         LINE#         14
  C:1D64H         LINE#         15
  C:1D70H         LINE#         16
  C:1D7AH         LINE#         17
  C:1D84H         LINE#         18
  C:1D8EH         LINE#         19
  C:1D98H         LINE#         20
  C:1D9DH         LINE#         21
  C:1DADH         LINE#         22
  C:1DD2H         LINE#         23
  C:1DF5H         LINE#         24
  C:1E07H         LINE#         25
  C:1E07H         LINE#         26
  C:1E28H         LINE#         27
  C:1E3CH         LINE#         28
  C:1E3CH         LINE#         29
  C:1E4BH         LINE#         30
  C:1E70H         LINE#         31
  C:1E95H         LINE#         32
  C:1EB4H         LINE#         33
  C:1EB6H         LINE#         34
  C:1EBFH         LINE#         35
  C:1EDEH         LINE#         36
  C:1EE0H         LINE#         37
  C:1EEAH         LINE#         38
  C:1EFEH         LINE#         39
  C:1F19H         LINE#         40
  C:1F1EH         LINE#         41
  C:1F2CH         LINE#         42
  C:1F40H         LINE#         43
  C:1F5BH         LINE#         44
  C:1F60H         LINE#         45
  C:1F60H         LINE#         46
  -------         ENDPROC       DETECTTEMP
  -------         ENDMOD        TASKMLX90614

BL51 BANKED LINKER/LOCATER V6.22                                                      02/21/2018  14:26:22  PAGE 31


  -------         MODULE        TASKEEPROM
  C:0000H         SYMBOL        _ICE_DUMMY_
  D:0080H         PUBLIC        P0
  D:0090H         PUBLIC        P1
  D:00A0H         PUBLIC        P2
  D:00B0H         PUBLIC        P3
  D:00C0H         PUBLIC        P4
  D:00C8H         PUBLIC        P5
  D:00E8H         PUBLIC        P6
  D:00F8H         PUBLIC        P7
  D:00A8H         PUBLIC        IE
  D:00B8H         PUBLIC        IP
  C:2CDDH         PUBLIC        read2EEPROM
  D:00D8H         PUBLIC        CCON
  C:2BC0H         PUBLIC        save2EEPROM
  D:0098H         PUBLIC        SCON
  D:0088H         PUBLIC        TCON
  C:252DH         SYMBOL        CRC8TAB
  D:00D0H         PUBLIC        PSW
  -------         PROC          SAVE2EEPROM
  -------         DO            
  X:0068H         SYMBOL        dataWrite
  -------         ENDDO         
  C:2BC0H         LINE#         3
  C:2BC0H         LINE#         5
  C:2BC0H         LINE#         6
  C:2BC5H         LINE#         7
  C:2BD0H         LINE#         8
  C:2BEAH         LINE#         9
  C:2BF6H         LINE#         10
  C:2C04H         LINE#         11
  C:2C11H         LINE#         12
  C:2C1DH         LINE#         13
  C:2C2BH         LINE#         14
  C:2C2BH         LINE#         15
  C:2C30H         LINE#         16
  -------         ENDPROC       SAVE2EEPROM
  -------         PROC          READ2EEPROM
  -------         DO            
  X:006EH         SYMBOL        dataRead
  -------         ENDDO         
  C:2CDDH         LINE#         19
  C:2CDDH         LINE#         21
  C:2CDDH         LINE#         22
  C:2CE2H         LINE#         23
  C:2CFBH         LINE#         24
  C:2D04H         LINE#         25
  C:2D21H         LINE#         26
  C:2D2AH         LINE#         27
  C:2D2FH         LINE#         28
  -------         ENDPROC       READ2EEPROM
  -------         ENDMOD        TASKEEPROM

  -------         MODULE        ?RTX51_TINY_KERNAL
  C:3189H         SEGMENT       ?RTX?TASKENT?S
  I:000DH         SEGMENT       ?RTX?TASKSP?S
  I:0022H         SEGMENT       ?RTX?TASKSTATE?S
BL51 BANKED LINKER/LOCATER V6.22                                                      02/21/2018  14:26:22  PAGE 32


  B:0021H.1       SEGMENT       ?RTX?BITS
  C:1AB6H         SEGMENT       ?RTX?CODE
  C:1B05H         PUBLIC        ?RTX?SET_ISR
  D:001CH         PUBLIC        ?RTX_CURRENTTASK
  D:0007H         PUBLIC        ?RTX_NEXTID
  C:1B48H         PUBLIC        ?RTX_NEXTTASK
  N:00FFH         PUBLIC        ?RTX_RAMTOP
  C:3189H         PUBLIC        ?RTX_TASKENTRY
  C:1C27H         PUBLIC        ?RTX_TASKIDX
  I:000DH         PUBLIC        ?RTX_TASKSP
  I:0022H         PUBLIC        ?RTX_TASKSTATUS
  C:1BEBH         PUBLIC        MAIN
  C:1B31H         PUBLIC        OS_SWITCH_TASK
  C:1B3AH         SYMBOL        ?C0001
  C:1B44H         SYMBOL        ?C0003
  C:1B49H         SYMBOL        ?C0005
  C:1B63H         SYMBOL        ?C0007
  C:1B65H         SYMBOL        ?C0009
  C:1B6FH         SYMBOL        ?C0011
  C:1B9CH         SYMBOL        ?C0012
  C:1B82H         SYMBOL        ?C0013
  C:1B87H         SYMBOL        ?C0015
  C:1B92H         SYMBOL        ?C0016
  N:0000H         SYMBOL        ?RTX51_TINY_KERNAL
  N:EE00H         SYMBOL        ?RTX_CLOCK
  N:0018H         SYMBOL        ?RTX_REGISTERBANK
  D:001DH         SYMBOL        ?RTX_ROBINTIME
  D:001AH         SYMBOL        ?RTX_SAVEACC
  D:001BH         SYMBOL        ?RTX_SAVEPSW
  C:1AB6H         SYMBOL        ?RTX_STACKERROR
  C:1B09H         SYMBOL        ?RTX_TASKSWITCHING
  B:0021H.1       SYMBOL        ?RTX_TS_DELAY
  D:00E0H         SYMBOL        ACC
  D:00F0H         SYMBOL        B
  N:0005H         SYMBOL        B_ACTIVE
  N:0007H         SYMBOL        B_IVL
  N:0007H         SYMBOL        B_RDY
  N:0004H         SYMBOL        B_READY
  N:0006H         SYMBOL        B_ROBIN
  N:0002H         SYMBOL        B_SIGNAL
  N:0003H         SYMBOL        B_TIMEOUT
  N:0000H         SYMBOL        B_WAITSIG
  N:0001H         SYMBOL        B_WAITTIM
  C:1B06H         SYMBOL        CHECKROBINTIME
  C:1AE0H         SYMBOL        CHECKSTACK
  N:0000H         SYMBOL        CODE_BANKING
  N:0000H         SYMBOL        CPU_IDLE_CODE
  D:0083H         SYMBOL        DPH
  D:0082H         SYMBOL        DPL
  B:00A8H.7       SYMBOL        EA
  B:00A8H.4       SYMBOL        ES
  B:00A8H.1       SYMBOL        ET0
  B:00A8H.3       SYMBOL        ET1
  B:00A8H.0       SYMBOL        EX0
  B:00A8H.2       SYMBOL        EX1
  N:0014H         SYMBOL        FREE_STACK
  C:1ABAH         SYMBOL        HW_TIMER
BL51 BANKED LINKER/LOCATER V6.22                                                      02/21/2018  14:26:22  PAGE 33


  D:00A8H         SYMBOL        IE
  B:0088H.1       SYMBOL        IE0
  B:0088H.3       SYMBOL        IE1
  N:1200H         SYMBOL        INT_CLOCK
  N:0003H         SYMBOL        INT_REGBANK
  B:0088H.0       SYMBOL        IT0
  B:0088H.2       SYMBOL        IT1
  N:0020H         SYMBOL        K_ACTIVE
  N:0080H         SYMBOL        K_IVL
  N:0080H         SYMBOL        K_RDY
  N:0010H         SYMBOL        K_READY
  N:0040H         SYMBOL        K_ROBIN
  N:0001H         SYMBOL        K_SIG
  N:0002H         SYMBOL        K_TMO
  N:0000H         SYMBOL        LONG_USR_INTR
  C:1BF4H         SYMBOL        MAIN1
  C:1BFEH         SYMBOL        MAIN1X
  C:1BF9H         SYMBOL        MAIN2
  C:1BBFH         SYMBOL        NOEVENT
  C:1B05H         SYMBOL        NOROBINTIMEOUT
  C:1AFCH         SYMBOL        NOTIMEOUT
  C:1AFAH         SYMBOL        NOWAITTIMEOUT
  C:1B31H         SYMBOL        OS_SWITCH_TASK1
  D:0087H         SYMBOL        PCON
  D:00D0H         SYMBOL        PSW
  N:00FFH         SYMBOL        RAMTOP
  N:0080H         SYMBOL        RDY_EVENT
  C:1BCBH         SYMBOL        ROBINON
  C:1BB3H         SYMBOL        SIGNALOFF
  C:1BBFH         SYMBOL        SIGNALON
  N:0004H         SYMBOL        SIG_EVENT
  D:0081H         SYMBOL        SP
  I:0023H         SYMBOL        TASKSTATE
  D:0088H         SYMBOL        TCON
  B:0088H.5       SYMBOL        TF0
  B:0088H.7       SYMBOL        TF1
  D:008CH         SYMBOL        TH0
  D:008DH         SYMBOL        TH1
  C:1BBBH         SYMBOL        TIMEOUTON
  C:1ABBH         SYMBOL        TIMERINT
  C:1AECH         SYMBOL        TIMERLOOP
  I:0022H         SYMBOL        TIMERVAL
  N:0005H         SYMBOL        TIMESHARING
  D:008AH         SYMBOL        TL0
  D:008BH         SYMBOL        TL1
  D:0089H         SYMBOL        TMOD
  N:0008H         SYMBOL        TMO_EVENT
  B:0088H.4       SYMBOL        TR0
  B:0088H.6       SYMBOL        TR1
  C:000BH         LINE#         271
  C:1AB6H         LINE#         279
  C:1AB8H         LINE#         279
  C:1ABAH         LINE#         282
  C:1ABBH         LINE#         299
  C:1ABEH         LINE#         301
  C:1AC1H         LINE#         302
  C:1AC4H         LINE#         303
BL51 BANKED LINKER/LOCATER V6.22                                                      02/21/2018  14:26:22  PAGE 34


  C:1AC6H         LINE#         305
  C:1AC8H         LINE#         306
  C:1ACAH         LINE#         307
  C:1ACCH         LINE#         308
  C:1ACEH         LINE#         309
  C:1AD0H         LINE#         310
  C:1AD2H         LINE#         311
  C:1AD4H         LINE#         312
  C:1AD6H         LINE#         316
  C:1AD7H         LINE#         317
  C:1AD9H         LINE#         318
  C:1ADAH         LINE#         319
  C:1ADBH         LINE#         320
  C:1ADEH         LINE#         321
  C:1AE0H         LINE#         322
  C:1AE1H         LINE#         323
  C:1AE3H         LINE#         324
  C:1AE6H         LINE#         325
  C:1AE8H         LINE#         329
  C:1AEAH         LINE#         330
  C:1AECH         LINE#         331
  C:1AEDH         LINE#         332
  C:1AEEH         LINE#         333
  C:1AEFH         LINE#         334
  C:1AF1H         LINE#         335
  C:1AF3H         LINE#         336
  C:1AF4H         LINE#         337
  C:1AF7H         LINE#         338
  C:1AF9H         LINE#         339
  C:1AFAH         LINE#         340
  C:1AFCH         LINE#         341
  C:1AFDH         LINE#         342
  C:1AFFH         LINE#         344
  C:1B00H         LINE#         345
  C:1B02H         LINE#         360
  C:1B05H         LINE#         366
  C:1B06H         LINE#         367
  C:1B09H         LINE#         370
  C:1B0BH         LINE#         371
  C:1B0DH         LINE#         372
  C:1B0FH         LINE#         373
  C:1B11H         LINE#         374
  C:1B13H         LINE#         375
  C:1B15H         LINE#         376
  C:1B17H         LINE#         377
  C:1B19H         LINE#         378
  C:1B1BH         LINE#         379
  C:1B1DH         LINE#         380
  C:1B1FH         LINE#         381
  C:1B21H         LINE#         382
  C:1B23H         LINE#         387
  C:1B25H         LINE#         388
  C:1B26H         LINE#         389
  C:1B28H         LINE#         390
  C:1B29H         LINE#         391
  C:1B2BH         LINE#         392
  C:1B2DH         LINE#         393
BL51 BANKED LINKER/LOCATER V6.22                                                      02/21/2018  14:26:22  PAGE 35


  C:1B2EH         LINE#         394
  C:1B2FH         LINE#         395
  C:1B31H         LINE#         424
  C:1B33H         LINE#         426
  C:1B35H         LINE#         427
  C:1B36H         LINE#         429
  C:1B37H         LINE#         430
  C:1B39H         LINE#         431
  C:1B3AH         LINE#         434
  C:1B3BH         LINE#         435
  C:1B3CH         LINE#         436
  C:1B3DH         LINE#         444
  C:1B40H         LINE#         445
  C:1B42H         LINE#         446
  C:1B44H         LINE#         449
  C:1B45H         LINE#         450
  C:1B48H         LINE#         458
  C:1B49H         LINE#         462
  C:1B4BH         LINE#         463
  C:1B4CH         LINE#         464
  C:1B4DH         LINE#         465
  C:1B4FH         LINE#         468
  C:1B51H         LINE#         470
  C:1B53H         LINE#         471
  C:1B55H         LINE#         472
  C:1B56H         LINE#         473
  C:1B57H         LINE#         474
  C:1B58H         LINE#         476
  C:1B5AH         LINE#         478
  C:1B5BH         LINE#         479
  C:1B5CH         LINE#         480
  C:1B5EH         LINE#         481
  C:1B61H         LINE#         482
  C:1B63H         LINE#         484
  C:1B64H         LINE#         485
  C:1B65H         LINE#         490
  C:1B66H         LINE#         491
  C:1B67H         LINE#         492
  C:1B69H         LINE#         496
  C:1B6AH         LINE#         497
  C:1B6BH         LINE#         498
  C:1B6DH         LINE#         499
  C:1B6FH         LINE#         505
  C:1B71H         LINE#         506
  C:1B72H         LINE#         507
  C:1B73H         LINE#         508
  C:1B75H         LINE#         510
  C:1B77H         LINE#         511
  C:1B79H         LINE#         512
  C:1B7AH         LINE#         513
  C:1B7BH         LINE#         516
  C:1B7DH         LINE#         517
  C:1B80H         LINE#         518
  C:1B82H         LINE#         520
  C:1B83H         LINE#         522
  C:1B84H         LINE#         523
  C:1B85H         LINE#         524
BL51 BANKED LINKER/LOCATER V6.22                                                      02/21/2018  14:26:22  PAGE 36


  C:1B86H         LINE#         525
  C:1B87H         LINE#         529
  C:1B89H         LINE#         530
  C:1B8AH         LINE#         531
  C:1B8CH         LINE#         535
  C:1B8EH         LINE#         536
  C:1B8FH         LINE#         537
  C:1B90H         LINE#         539
  C:1B92H         LINE#         543
  C:1B94H         LINE#         544
  C:1B96H         LINE#         545
  C:1B97H         LINE#         546
  C:1B98H         LINE#         548
  C:1B9AH         LINE#         549
  C:1B9CH         LINE#         555
  C:1B9FH         LINE#         559
  C:1BA1H         LINE#         560
  C:1BA2H         LINE#         561
  C:1BA4H         LINE#         562
  C:1BA5H         LINE#         563
  C:1BA7H         LINE#         564
  C:1BA9H         LINE#         565
  C:1BAAH         LINE#         567
  C:1BADH         LINE#         571
  C:1BB0H         LINE#         572
  C:1BB3H         LINE#         576
  C:1BB5H         LINE#         577
  C:1BB8H         LINE#         578
  C:1BBBH         LINE#         580
  C:1BBDH         LINE#         581
  C:1BBFH         LINE#         583
  C:1BC1H         LINE#         584
  C:1BC2H         LINE#         585
  C:1BC4H         LINE#         587
  C:1BC6H         LINE#         588
  C:1BC8H         LINE#         594
  C:1BCAH         LINE#         595
  C:1BCBH         LINE#         608
  C:1BCCH         LINE#         609
  C:1BCEH         LINE#         614
  C:1BD0H         LINE#         615
  C:1BD2H         LINE#         616
  C:1BD4H         LINE#         617
  C:1BD6H         LINE#         618
  C:1BD8H         LINE#         619
  C:1BDAH         LINE#         620
  C:1BDCH         LINE#         621
  C:1BDEH         LINE#         622
  C:1BE0H         LINE#         623
  C:1BE2H         LINE#         624
  C:1BE4H         LINE#         625
  C:1BE6H         LINE#         626
  C:1BE8H         LINE#         627
  C:1BEAH         LINE#         628
  C:1BEBH         LINE#         642
  C:1BEDH         LINE#         643
  C:1BEFH         LINE#         644
BL51 BANKED LINKER/LOCATER V6.22                                                      02/21/2018  14:26:22  PAGE 37


  C:1BF1H         LINE#         645
  C:1BF3H         LINE#         646
  C:1BF4H         LINE#         647
  C:1BF5H         LINE#         648
  C:1BF7H         LINE#         649
  C:1BF9H         LINE#         650
  C:1BFBH         LINE#         651
  C:1BFCH         LINE#         652
  C:1BFEH         LINE#         653
  C:1BFFH         LINE#         654
  C:1C00H         LINE#         655
  C:1C01H         LINE#         656
  C:1C02H         LINE#         657
  C:1C04H         LINE#         658
  C:1C06H         LINE#         659
  C:1C08H         LINE#         660
  C:1C0BH         LINE#         661
  C:1C0DH         LINE#         662
  C:1C0EH         LINE#         663
  C:1C10H         LINE#         664
  C:1C11H         LINE#         665
  C:1C12H         LINE#         666
  C:1C14H         LINE#         668
  C:1C17H         LINE#         670
  C:1C1AH         LINE#         671
  C:1C1DH         LINE#         672
  C:1C20H         LINE#         673
  C:1C22H         LINE#         674
  C:1C24H         LINE#         675
  C:1C26H         LINE#         676
  -------         ENDMOD        ?RTX51_TINY_KERNAL

  -------         MODULE        ?C?FPADD
  C:082DH         PUBLIC        ?C?FPADD
  C:0829H         PUBLIC        ?C?FPSUB
  -------         ENDMOD        ?C?FPADD

  -------         MODULE        ?C?FPMUL
  C:091EH         PUBLIC        ?C?FPMUL
  -------         ENDMOD        ?C?FPMUL

  -------         MODULE        ?C?FPCMP
  C:0A26H         PUBLIC        ?C?FPCMP
  C:0A24H         PUBLIC        ?C?FPCMP3
  -------         ENDMOD        ?C?FPCMP

  -------         MODULE        ?C?FCAST
  C:0AA7H         PUBLIC        ?C?FCASTC
  C:0AA2H         PUBLIC        ?C?FCASTI
  C:0A9DH         PUBLIC        ?C?FCASTL
  -------         ENDMOD        ?C?FCAST

  -------         MODULE        ?C?CASTF
  C:0ADBH         PUBLIC        ?C?CASTF
  -------         ENDMOD        ?C?CASTF

  -------         MODULE        PRINTF
BL51 BANKED LINKER/LOCATER V6.22                                                      02/21/2018  14:26:22  PAGE 38


  X:0011H         PUBLIC        ?_PRINTF?BYTE
  X:0011H         PUBLIC        ?_SPRINTF?BYTE
  C:0F91H         PUBLIC        _PRINTF
  C:0F8BH         PUBLIC        _SPRINTF
  -------         ENDMOD        PRINTF

  -------         MODULE        ?C?FPROUND
  C:0B5CH         PUBLIC        ?C?FPROUND
  -------         ENDMOD        ?C?FPROUND

  -------         MODULE        ?C?FPCONVERT
  C:0B99H         PUBLIC        ?C?FPCONVERT
  -------         ENDMOD        ?C?FPCONVERT

  -------         MODULE        ?C?FPDIV
  C:0CA1H         PUBLIC        ?C?FPDIV
  -------         ENDMOD        ?C?FPDIV

  -------         MODULE        ?C?FTNPWR
  C:0D6EH         PUBLIC        ?C?FTNPWR
  -------         ENDMOD        ?C?FTNPWR

  -------         MODULE        ?C?CLDPTR
  C:0DAEH         PUBLIC        ?C?CLDPTR
  -------         ENDMOD        ?C?CLDPTR

  -------         MODULE        ?C?CLDOPTR
  C:0DC7H         PUBLIC        ?C?CLDOPTR
  -------         ENDMOD        ?C?CLDOPTR

  -------         MODULE        ?C?CILDPTR
  C:0DF4H         PUBLIC        ?C?CILDPTR
  -------         ENDMOD        ?C?CILDPTR

  -------         MODULE        ?C?CSTPTR
  C:0E16H         PUBLIC        ?C?CSTPTR
  -------         ENDMOD        ?C?CSTPTR

  -------         MODULE        ?C?ILDIX
  C:0E28H         PUBLIC        ?C?ILDIX
  -------         ENDMOD        ?C?ILDIX

  -------         MODULE        ?C?LNEG
  C:0E3EH         PUBLIC        ?C?LNEG
  -------         ENDMOD        ?C?LNEG

  -------         MODULE        ?C?LSTXDATA
  C:0E4CH         PUBLIC        ?C?LSTXDATA
  -------         ENDMOD        ?C?LSTXDATA

  -------         MODULE        ?C?LSTKXDATA
  C:0E58H         PUBLIC        ?C?LSTKXDATA
  -------         ENDMOD        ?C?LSTKXDATA

  -------         MODULE        ?C?PLDIXDATA
  C:0E89H         PUBLIC        ?C?PLDIXDATA
  -------         ENDMOD        ?C?PLDIXDATA
BL51 BANKED LINKER/LOCATER V6.22                                                      02/21/2018  14:26:22  PAGE 39



  -------         MODULE        ?C?PSTXDATA
  C:0EA0H         PUBLIC        ?C?PSTXDATA
  -------         ENDMOD        ?C?PSTXDATA

  -------         MODULE        ?C?PLDOPTR
  C:0EA9H         PUBLIC        ?C?PLDOPTR
  -------         ENDMOD        ?C?PLDOPTR

  -------         MODULE        ?C?CCASE
  C:0ED9H         PUBLIC        ?C?CCASE
  -------         ENDMOD        ?C?CCASE

  -------         MODULE        PUTCHAR
  C:2F3DH         PUBLIC        _PUTCHAR
  -------         ENDMOD        PUTCHAR

  -------         MODULE        STRLEN
  C:30FBH         PUBLIC        _STRLEN
  -------         ENDMOD        STRLEN

  -------         MODULE        ?C?PLDIDATA
  C:0EFFH         PUBLIC        ?C?PLDIDATA
  -------         ENDMOD        ?C?PLDIDATA

  -------         MODULE        ?C?PLDXDATA
  C:0F08H         PUBLIC        ?C?PLDXDATA
  -------         ENDMOD        ?C?PLDXDATA

  -------         MODULE        ?C?PLDPDATA
  C:0F11H         PUBLIC        ?C?PLDPDATA
  -------         ENDMOD        ?C?PLDPDATA

  -------         MODULE        ?C?PLDCODE
  C:0F1AH         PUBLIC        ?C?PLDCODE
  -------         ENDMOD        ?C?PLDCODE

*** WARNING L16: UNCALLED SEGMENT, IGNORED FOR OVERLAY PROCESS
    SEGMENT: ?PR?_DELAY_US?PQXDELAY

*** WARNING L16: UNCALLED SEGMENT, IGNORED FOR OVERLAY PROCESS
    SEGMENT: ?PR?_DATA2TEMPK?PQXMLX90614

*** WARNING L16: UNCALLED SEGMENT, IGNORED FOR OVERLAY PROCESS
    SEGMENT: ?PR?_UPACTION?PQXMENUS

*** WARNING L16: UNCALLED SEGMENT, IGNORED FOR OVERLAY PROCESS
    SEGMENT: ?PR?_DOWNACTION?PQXMENUS

*** WARNING L16: UNCALLED SEGMENT, IGNORED FOR OVERLAY PROCESS
    SEGMENT: ?PR?OLED_FULL?OLED12832

*** WARNING L16: UNCALLED SEGMENT, IGNORED FOR OVERLAY PROCESS
    SEGMENT: ?PR?OLED_ON?OLED12832

*** WARNING L16: UNCALLED SEGMENT, IGNORED FOR OVERLAY PROCESS
    SEGMENT: ?PR?OLED_OFF?OLED12832
BL51 BANKED LINKER/LOCATER V6.22                                                      02/21/2018  14:26:22  PAGE 40



*** WARNING L16: UNCALLED SEGMENT, IGNORED FOR OVERLAY PROCESS
    SEGMENT: ?PR?_OLED12832SHOWBYTE?OLED12832

*** WARNING L16: UNCALLED SEGMENT, IGNORED FOR OVERLAY PROCESS
    SEGMENT: ?CO?TASKKEYS

*** WARNING L16: UNCALLED SEGMENT, IGNORED FOR OVERLAY PROCESS
    SEGMENT: ?CO?TASKMLX90614

*** WARNING L16: UNCALLED SEGMENT, IGNORED FOR OVERLAY PROCESS
    SEGMENT: ?CO?TASKEEPROM

*** WARNING L15: MULTIPLE CALL TO SEGMENT
    SEGMENT: ?PR?_TEMPC2DATA?PQXMLX90614
    CALLER1: ?PR?DETECTTEMP?TASKMLX90614
    CALLER2: ?PR?SAVE2EEPROM?TASKEEPROM

*** WARNING L15: MULTIPLE CALL TO SEGMENT
    SEGMENT: ?PR?_DATA2TEMPC?PQXMLX90614
    CALLER1: ?PR?DETECTTEMP?TASKMLX90614
    CALLER2: ?PR?READ2EEPROM?TASKEEPROM

Program Size: data=42.2 xdata=185 code=12736
LINK/LOCATE RUN COMPLETE.  13 WARNING(S),  0 ERROR(S)
